../Core/User/GUI/GUI_Paint.c:93:6:Paint_NewImage	24	static
../Core/User/GUI/GUI_Paint.c:125:6:Paint_SelectImage	16	static
../Core/User/GUI/GUI_Paint.c:135:6:Paint_SetRotate	16	static
../Core/User/GUI/GUI_Paint.c:145:6:Paint_SetScale	16	static
../Core/User/GUI/GUI_Paint.c:166:6:Paint_SetMirroring	16	static
../Core/User/GUI/GUI_Paint.c:185:6:Paint_SetPixel	48	static
../Core/User/GUI/GUI_Paint.c:264:6:Paint_Clear	40	static
../Core/User/GUI/GUI_Paint.c:299:6:Paint_ClearWindows	32	static
../Core/User/GUI/GUI_Paint.c:318:6:Paint_DrawPoint	32	static
../Core/User/GUI/GUI_Paint.c:358:6:Paint_DrawLine	64	static
../Core/User/GUI/GUI_Paint.c:416:6:Paint_DrawRectangle	48	static
../Core/User/GUI/GUI_Paint.c:449:6:Paint_DrawCircle	40	static
../Core/User/GUI/GUI_Paint.c:518:6:Paint_DrawChar	40	static
../Core/User/GUI/GUI_Paint.c:567:6:Paint_DrawString_EN	40	static
../Core/User/GUI/GUI_Paint.c:612:6:Paint_DrawString_CN	56	static
../Core/User/GUI/GUI_Paint.c:708:6:Paint_DrawNum	560	static
../Core/User/GUI/GUI_Paint.c:751:6:Paint_DrawNumDecimals	568	static
../Core/User/GUI/GUI_Paint.c:810:6:Paint_DrawTime	48	static
../Core/User/GUI/GUI_Paint.c:838:6:Paint_DrawDate	48	static
../Core/User/GUI/GUI_Paint.c:890:6:Paint_DrawBitMap	24	static
../Core/User/GUI/GUI_Paint.c:915:6:Paint_DrawBitMap_Paste	40	static
../Core/User/GUI/GUI_Paint.c:1009:6:Paint_DrawBitMap_Block	24	static
