../Src/mode.c:3:6:display_mode	24	static
../Src/mode.c:55:6:set_dmy_mode	24	static
../Src/mode.c:98:6:set_year_mode	24	static
../Src/mode.c:147:6:set_mon_mode	16	static
../Src/mode.c:160:6:set_date_mode	24	static
../Src/mode.c:173:6:set_day_mode	8	static
../Src/mode.c:208:6:increase_year_mode	4	static
../Src/mode.c:215:6:decrease_year_mode	4	static
../Src/mode.c:222:6:increase_mon_mode	4	static
../Src/mode.c:229:6:decrease_mon_mode	4	static
../Src/mode.c:236:6:increase_date_mode	4	static
../Src/mode.c:262:6:decrease_date_mode	4	static
../Src/mode.c:288:6:increase_day_mode	4	static
../Src/mode.c:295:6:decrease_day_mode	4	static
../Src/mode.c:302:6:save_mode	8	static
../Src/mode.c:326:6:set_hms_mode	24	static
../Src/mode.c:343:6:set_alarm_mode	24	static
../Src/mode.c:360:6:set_hour_mode	24	static
../Src/mode.c:382:6:set_min_mode	24	static
../Src/mode.c:407:6:set_sec_mode	24	static
../Src/mode.c:432:6:increase_hour_mode	4	static
../Src/mode.c:439:6:decrease_hour_mode	4	static
../Src/mode.c:446:6:increase_min_mode	4	static
../Src/mode.c:453:6:decrease_min_mode	4	static
../Src/mode.c:460:6:increase_sec_mode	4	static
../Src/mode.c:467:6:decrease_sec_mode	4	static
../Src/mode.c:474:6:set_cycle_mode	16	static
../Src/mode.c:525:6:set_cycle_monday_mode	16	static
../Src/mode.c:582:6:set_cycle_tuesday_mode	16	static
../Src/mode.c:639:6:set_cycle_wednesday_mode	16	static
../Src/mode.c:696:6:set_cycle_thurday_mode	16	static
../Src/mode.c:752:6:set_cycle_friday_mode	16	static
../Src/mode.c:809:6:set_cycle_saturday_mode	16	static
../Src/mode.c:866:6:set_cycle_sunday_mode	16	static
../Src/mode.c:923:6:change_cycle_mode	4	static
../Src/mode.c:950:6:alarm_mode	16	static
