../Src/sharp96.c:5:16:Toggle_VCOM	4	static
../Src/sharp96.c:10:13:LCD_send_byte	16	static
../Src/sharp96.c:14:13:LCD_send_cmd	16	static
../Src/sharp96.c:19:16:Reverse_data	16	static
../Src/sharp96.c:24:6:LCD_send_toggle_VCOM	8	static
../Src/sharp96.c:31:6:LCD_display	8	static
../Src/sharp96.c:35:6:LCD_init	8	static
../Src/sharp96.c:48:6:LCD_enable	8	static
../Src/sharp96.c:53:6:LCD_disable	8	static
../Src/sharp96.c:58:6:LCD_transmit_begin	8	static
../Src/sharp96.c:62:6:LCD_transmit_cmplt	8	static
../Src/sharp96.c:66:6:LCD_clear_screen	8	static
../Src/sharp96.c:75:6:LCD_clear_data	24	static
../Src/sharp96.c:80:6:LCD_send_image	24	static
../Src/sharp96.c:105:6:LCD_send_1line	24	static
../Src/sharp96.c:121:6:LCD_get_char8x8	32	static
../Src/sharp96.c:129:6:LCD_get_string	40	static
