Archive member included to satisfy reference by file (symbol)

c:/st/stm32cubeide_1.11.2/stm32cubeide/plugins/com.st.stm32cube.ide.mcu.externaltools.gnu-tools-for-stm32.10.3-2021.10.win32_1.0.100.202210260954/tools/bin/../lib/gcc/arm-none-eabi/10.3.1/../../../../arm-none-eabi/lib/thumb/v7-m/nofp\libc_nano.a(lib_a-errno.o)
                              ./Src/syscalls.o (__errno)
c:/st/stm32cubeide_1.11.2/stm32cubeide/plugins/com.st.stm32cube.ide.mcu.externaltools.gnu-tools-for-stm32.10.3-2021.10.win32_1.0.100.202210260954/tools/bin/../lib/gcc/arm-none-eabi/10.3.1/../../../../arm-none-eabi/lib/thumb/v7-m/nofp\libc_nano.a(lib_a-exit.o)
                              c:/st/stm32cubeide_1.11.2/stm32cubeide/plugins/com.st.stm32cube.ide.mcu.externaltools.gnu-tools-for-stm32.10.3-2021.10.win32_1.0.100.202210260954/tools/bin/../lib/gcc/arm-none-eabi/10.3.1/../../../../arm-none-eabi/lib/thumb/v7-m/nofp/crt0.o (exit)
c:/st/stm32cubeide_1.11.2/stm32cubeide/plugins/com.st.stm32cube.ide.mcu.externaltools.gnu-tools-for-stm32.10.3-2021.10.win32_1.0.100.202210260954/tools/bin/../lib/gcc/arm-none-eabi/10.3.1/../../../../arm-none-eabi/lib/thumb/v7-m/nofp\libc_nano.a(lib_a-impure.o)
                              c:/st/stm32cubeide_1.11.2/stm32cubeide/plugins/com.st.stm32cube.ide.mcu.externaltools.gnu-tools-for-stm32.10.3-2021.10.win32_1.0.100.202210260954/tools/bin/../lib/gcc/arm-none-eabi/10.3.1/../../../../arm-none-eabi/lib/thumb/v7-m/nofp\libc_nano.a(lib_a-exit.o) (_global_impure_ptr)
c:/st/stm32cubeide_1.11.2/stm32cubeide/plugins/com.st.stm32cube.ide.mcu.externaltools.gnu-tools-for-stm32.10.3-2021.10.win32_1.0.100.202210260954/tools/bin/../lib/gcc/arm-none-eabi/10.3.1/../../../../arm-none-eabi/lib/thumb/v7-m/nofp\libc_nano.a(lib_a-init.o)
                              c:/st/stm32cubeide_1.11.2/stm32cubeide/plugins/com.st.stm32cube.ide.mcu.externaltools.gnu-tools-for-stm32.10.3-2021.10.win32_1.0.100.202210260954/tools/bin/../lib/gcc/arm-none-eabi/10.3.1/../../../../arm-none-eabi/lib/thumb/v7-m/nofp/crt0.o (__libc_init_array)
c:/st/stm32cubeide_1.11.2/stm32cubeide/plugins/com.st.stm32cube.ide.mcu.externaltools.gnu-tools-for-stm32.10.3-2021.10.win32_1.0.100.202210260954/tools/bin/../lib/gcc/arm-none-eabi/10.3.1/../../../../arm-none-eabi/lib/thumb/v7-m/nofp\libc_nano.a(lib_a-itoa.o)
                              ./Src/mode.o (itoa)
c:/st/stm32cubeide_1.11.2/stm32cubeide/plugins/com.st.stm32cube.ide.mcu.externaltools.gnu-tools-for-stm32.10.3-2021.10.win32_1.0.100.202210260954/tools/bin/../lib/gcc/arm-none-eabi/10.3.1/../../../../arm-none-eabi/lib/thumb/v7-m/nofp\libc_nano.a(lib_a-memset.o)
                              c:/st/stm32cubeide_1.11.2/stm32cubeide/plugins/com.st.stm32cube.ide.mcu.externaltools.gnu-tools-for-stm32.10.3-2021.10.win32_1.0.100.202210260954/tools/bin/../lib/gcc/arm-none-eabi/10.3.1/../../../../arm-none-eabi/lib/thumb/v7-m/nofp/crt0.o (memset)
c:/st/stm32cubeide_1.11.2/stm32cubeide/plugins/com.st.stm32cube.ide.mcu.externaltools.gnu-tools-for-stm32.10.3-2021.10.win32_1.0.100.202210260954/tools/bin/../lib/gcc/arm-none-eabi/10.3.1/../../../../arm-none-eabi/lib/thumb/v7-m/nofp\libc_nano.a(lib_a-puts.o)
                              ./Src/gpio.o (puts)
c:/st/stm32cubeide_1.11.2/stm32cubeide/plugins/com.st.stm32cube.ide.mcu.externaltools.gnu-tools-for-stm32.10.3-2021.10.win32_1.0.100.202210260954/tools/bin/../lib/gcc/arm-none-eabi/10.3.1/../../../../arm-none-eabi/lib/thumb/v7-m/nofp\libc_nano.a(lib_a-strlen.o)
                              ./Src/sharp96.o (strlen)
c:/st/stm32cubeide_1.11.2/stm32cubeide/plugins/com.st.stm32cube.ide.mcu.externaltools.gnu-tools-for-stm32.10.3-2021.10.win32_1.0.100.202210260954/tools/bin/../lib/gcc/arm-none-eabi/10.3.1/../../../../arm-none-eabi/lib/thumb/v7-m/nofp\libc_nano.a(lib_a-strncpy.o)
                              ./Src/sharp96.o (strncpy)
c:/st/stm32cubeide_1.11.2/stm32cubeide/plugins/com.st.stm32cube.ide.mcu.externaltools.gnu-tools-for-stm32.10.3-2021.10.win32_1.0.100.202210260954/tools/bin/../lib/gcc/arm-none-eabi/10.3.1/../../../../arm-none-eabi/lib/thumb/v7-m/nofp\libc_nano.a(lib_a-utoa.o)
                              c:/st/stm32cubeide_1.11.2/stm32cubeide/plugins/com.st.stm32cube.ide.mcu.externaltools.gnu-tools-for-stm32.10.3-2021.10.win32_1.0.100.202210260954/tools/bin/../lib/gcc/arm-none-eabi/10.3.1/../../../../arm-none-eabi/lib/thumb/v7-m/nofp\libc_nano.a(lib_a-itoa.o) (__utoa)
c:/st/stm32cubeide_1.11.2/stm32cubeide/plugins/com.st.stm32cube.ide.mcu.externaltools.gnu-tools-for-stm32.10.3-2021.10.win32_1.0.100.202210260954/tools/bin/../lib/gcc/arm-none-eabi/10.3.1/../../../../arm-none-eabi/lib/thumb/v7-m/nofp\libc_nano.a(lib_a-wbuf.o)
                              c:/st/stm32cubeide_1.11.2/stm32cubeide/plugins/com.st.stm32cube.ide.mcu.externaltools.gnu-tools-for-stm32.10.3-2021.10.win32_1.0.100.202210260954/tools/bin/../lib/gcc/arm-none-eabi/10.3.1/../../../../arm-none-eabi/lib/thumb/v7-m/nofp\libc_nano.a(lib_a-puts.o) (__swbuf_r)
[...]
Memory Configuration

Name             Origin             Length             Attributes
RAM              0x0000000020000000 0x0000000000005000 xrw
FLASH            0x0000000008000000 0x0000000000010000 xr
*default*        0x0000000000000000 0xffffffffffffffff

Linker script and memory map

LOAD c:/st/stm32cubeide_1.11.2/stm32cubeide/plugins/com.st.stm32cube.ide.mcu.externaltools.gnu-tools-for-stm32.10.3-2021.10.win32_1.0.100.202210260954/tools/bin/../lib/gcc/arm-none-eabi/10.3.1/thumb/v7-m/nofp/crti.o
LOAD c:/st/stm32cubeide_1.11.2/stm32cubeide/plugins/com.st.stm32cube.ide.mcu.externaltools.gnu-tools-for-stm32.10.3-2021.10.win32_1.0.100.202210260954/tools/bin/../lib/gcc/arm-none-eabi/10.3.1/thumb/v7-m/nofp/crtbegin.o
LOAD c:/st/stm32cubeide_1.11.2/stm32cubeide/plugins/com.st.stm32cube.ide.mcu.externaltools.gnu-tools-for-stm32.10.3-2021.10.win32_1.0.100.202210260954/tools/bin/../lib/gcc/arm-none-eabi/10.3.1/../../../../arm-none-eabi/lib/thumb/v7-m/nofp/crt0.o
LOAD ./Src/adc_dma.o
LOAD ./Src/data.o
LOAD ./Src/digital_clock.o
LOAD ./Src/font8x8.o
LOAD ./Src/gpio.o
LOAD ./Src/gpio_exti.o
LOAD ./Src/main.o
LOAD ./Src/mode.o
LOAD ./Src/rcc_config.o
LOAD ./Src/rtc.o
LOAD ./Src/rtc_app.o
LOAD ./Src/sharp96.o
LOAD ./Src/spi.o
LOAD ./Src/standby.o
LOAD ./Src/syscalls.o
LOAD ./Src/sysmem.o
LOAD ./Src/tim.o
LOAD ./Startup/startup_stm32f103c8tx.o
START GROUP
LOAD c:/st/stm32cubeide_1.11.2/stm32cubeide/plugins/com.st.stm32cube.ide.mcu.externaltools.gnu-tools-for-stm32.10.3-2021.10.win32_1.0.100.202210260954/tools/bin/../lib/gcc/arm-none-eabi/10.3.1/../../../../arm-none-eabi/lib/thumb/v7-m/nofp\libc_nano.a
LOAD c:/st/stm32cubeide_1.11.2/stm32cubeide/plugins/com.st.stm32cube.ide.mcu.externaltools.gnu-tools-for-stm32.10.3-2021.10.win32_1.0.100.202210260954/tools/bin/../lib/gcc/arm-none-eabi/10.3.1/../../../../arm-none-eabi/lib/thumb/v7-m/nofp\libm.a
END GROUP
START GROUP
LOAD c:/st/stm32cubeide_1.11.2/stm32cubeide/plugins/com.st.stm32cube.ide.mcu.externaltools.gnu-tools-for-stm32.10.3-2021.10.win32_1.0.100.202210260954/tools/bin/../lib/gcc/arm-none-eabi/10.3.1/thumb/v7-m/nofp\libgcc.a
LOAD c:/st/stm32cubeide_1.11.2/stm32cubeide/plugins/com.st.stm32cube.ide.mcu.externaltools.gnu-tools-for-stm32.10.3-2021.10.win32_1.0.100.202210260954/tools/bin/../lib/gcc/arm-none-eabi/10.3.1/../../../../arm-none-eabi/lib/thumb/v7-m/nofp\libc_nano.a
END GROUP
START GROUP
LOAD c:/st/stm32cubeide_1.11.2/stm32cubeide/plugins/com.st.stm32cube.ide.mcu.externaltools.gnu-tools-for-stm32.10.3-2021.10.win32_1.0.100.202210260954/tools/bin/../lib/gcc/arm-none-eabi/10.3.1/thumb/v7-m/nofp\libgcc.a
LOAD c:/st/stm32cubeide_1.11.2/stm32cubeide/plugins/com.st.stm32cube.ide.mcu.externaltools.gnu-tools-for-stm32.10.3-2021.10.win32_1.0.100.202210260954/tools/bin/../lib/gcc/arm-none-eabi/10.3.1/../../../../arm-none-eabi/lib/thumb/v7-m/nofp\libc_nano.a
LOAD c:/st/stm32cubeide_1.11.2/stm32cubeide/plugins/com.st.stm32cube.ide.mcu.externaltools.gnu-tools-for-stm32.10.3-2021.10.win32_1.0.100.202210260954/tools/bin/../lib/gcc/arm-none-eabi/10.3.1/../../../../arm-none-eabi/lib/thumb/v7-m/nofp\libnosys.a
END GROUP
START GROUP
LOAD c:/st/stm32cubeide_1.11.2/stm32cubeide/plugins/com.st.stm32cube.ide.mcu.externaltools.gnu-tools-for-stm32.10.3-2021.10.win32_1.0.100.202210260954/tools/bin/../lib/gcc/arm-none-eabi/10.3.1/thumb/v7-m/nofp\libgcc.a
LOAD c:/st/stm32cubeide_1.11.2/stm32cubeide/plugins/com.st.stm32cube.ide.mcu.externaltools.gnu-tools-for-stm32.10.3-2021.10.win32_1.0.100.202210260954/tools/bin/../lib/gcc/arm-none-eabi/10.3.1/../../../../arm-none-eabi/lib/thumb/v7-m/nofp\libc_nano.a
LOAD c:/st/stm32cubeide_1.11.2/stm32cubeide/plugins/com.st.stm32cube.ide.mcu.externaltools.gnu-tools-for-stm32.10.3-2021.10.win32_1.0.100.202210260954/tools/bin/../lib/gcc/arm-none-eabi/10.3.1/../../../../arm-none-eabi/lib/thumb/v7-m/nofp\libnosys.a
END GROUP
LOAD c:/st/stm32cubeide_1.11.2/stm32cubeide/plugins/com.st.stm32cube.ide.mcu.externaltools.gnu-tools-for-stm32.10.3-2021.10.win32_1.0.100.202210260954/tools/bin/../lib/gcc/arm-none-eabi/10.3.1/thumb/v7-m/nofp/crtend.o
LOAD c:/st/stm32cubeide_1.11.2/stm32cubeide/plugins/com.st.stm32cube.ide.mcu.externaltools.gnu-tools-for-stm32.10.3-2021.10.win32_1.0.100.202210260954/tools/bin/../lib/gcc/arm-none-eabi/10.3.1/thumb/v7-m/nofp/crtn.o
                0x0000000020005000                _estack = (ORIGIN (RAM) + LENGTH (RAM))
                0x0000000000000200                _Min_Heap_Size = 0x200
                0x0000000000000400                _Min_Stack_Size = 0x400

.isr_vector     0x0000000008000000      0x130
                0x0000000008000000                . = ALIGN (0x4)
 *(.isr_vector)
 .isr_vector    0x0000000008000000      0x130 ./Startup/startup_stm32f103c8tx.o
                0x0000000008000000                g_pfnVectors
                0x0000000008000130                . = ALIGN (0x4)

.text           0x0000000008000130     0x484c
                0x0000000008000130                . = ALIGN (0x4)
 *(.text)
 .text          0x0000000008000130       0x40 c:/st/stm32cubeide_1.11.2/stm32cubeide/plugins/com.st.stm32cube.ide.mcu.externaltools.gnu-tools-for-stm32.10.3-2021.10.win32_1.0.100.202210260954/tools/bin/../lib/gcc/arm-none-eabi/10.3.1/thumb/v7-m/nofp/crtbegin.o
 .text          0x0000000008000170       0x10 c:/st/stm32cubeide_1.11.2/stm32cubeide/plugins/com.st.stm32cube.ide.mcu.externaltools.gnu-tools-for-stm32.10.3-2021.10.win32_1.0.100.202210260954/tools/bin/../lib/gcc/arm-none-eabi/10.3.1/../../../../arm-none-eabi/lib/thumb/v7-m/nofp\libc_nano.a(lib_a-strlen.o)
                0x0000000008000170                strlen
 *(.text*)
 .text.Set_hms  0x0000000008000180       0x5c ./Src/digital_clock.o
                0x0000000008000180                Set_hms
 .text.Set_dmy  0x00000000080001dc       0x64 ./Src/digital_clock.o
                0x00000000080001dc                Set_dmy
 .text.Set_cycle
                0x0000000008000240       0x24 ./Src/digital_clock.o
                0x0000000008000240                Set_cycle
 .text.Get_cycle
                0x0000000008000264       0x28 ./Src/digital_clock.o
                0x0000000008000264                Get_cycle
 .text.Set_alarm_times
                0x000000000800028c       0x24 ./Src/digital_clock.o
                0x000000000800028c                Set_alarm_times
 .text.Get_alarm_times
                0x00000000080002b0       0x28 ./Src/digital_clock.o
                0x00000000080002b0                Get_alarm_times
 .text.Set_alarm
                0x00000000080002d8       0x5c ./Src/digital_clock.o
                0x00000000080002d8                Set_alarm
 .text.GPIO_Pin_Configure
                0x0000000008000334      0x1b0 ./Src/gpio.o
                0x0000000008000334                GPIO_Pin_Configure
 .text.GPIO_set_out_pin
                0x00000000080004e4       0xc8 ./Src/gpio.o
                0x00000000080004e4                GPIO_set_out_pin
 .text.Wakeup_pin_init
                0x00000000080005ac       0x50 ./Src/gpio.o
                0x00000000080005ac                Wakeup_pin_init
 .text.__NVIC_EnableIRQ
                0x00000000080005fc       0x38 ./Src/gpio_exti.o
 .text.__NVIC_SetPriority
                0x0000000008000634       0x54 ./Src/gpio_exti.o
 .text.Button_init
                0x0000000008000688      0x2d8 ./Src/gpio_exti.o
                0x0000000008000688                Button_init
 .text.main     0x0000000008000960       0xc4 ./Src/main.o
                0x0000000008000960                main
 .text.EXTI4_IRQHandler
                0x0000000008000a24       0x34 ./Src/main.o
                0x0000000008000a24                EXTI4_IRQHandler
 .text.EXTI3_IRQHandler
                0x0000000008000a58       0x34 ./Src/main.o
                0x0000000008000a58                EXTI3_IRQHandler
 .text.EXTI15_10_IRQHandler
                0x0000000008000a8c       0x50 ./Src/main.o
                0x0000000008000a8c                EXTI15_10_IRQHandler
 .text.EXTI9_5_IRQHandler
                0x0000000008000adc       0x50 ./Src/main.o
                0x0000000008000adc                EXTI9_5_IRQHandler
 .text.TIM3_IRQHandler
                0x0000000008000b2c       0x30 ./Src/main.o
                0x0000000008000b2c                TIM3_IRQHandler
 .text.TIM4_IRQHandler
                0x0000000008000b5c       0x28 ./Src/main.o
                0x0000000008000b5c                TIM4_IRQHandler
 .text.RTC_IRQHandler
                0x0000000008000b84       0x28 ./Src/main.o
                0x0000000008000b84                RTC_IRQHandler
 .text.flag_handler
                0x0000000008000bac       0xf0 ./Src/main.o
                0x0000000008000bac                flag_handler
 .text.mode_handler
                0x0000000008000c9c      0x3f8 ./Src/main.o
                0x0000000008000c9c                mode_handler
 .text.display_mode
                0x0000000008001094      0x1dc ./Src/mode.o
                0x0000000008001094                display_mode
 .text.set_dmy_mode
                0x0000000008001270      0x170 ./Src/mode.o
                0x0000000008001270                set_dmy_mode
 .text.set_year_mode
                0x00000000080013e0      0x190 ./Src/mode.o
                0x00000000080013e0                set_year_mode
 .text.set_mon_mode
                0x0000000008001570       0x60 ./Src/mode.o
                0x0000000008001570                set_mon_mode
 .text.set_date_mode
                0x00000000080015d0       0x60 ./Src/mode.o
                0x00000000080015d0                set_date_mode
 .text.set_day_mode
                0x0000000008001630       0xf4 ./Src/mode.o
                0x0000000008001630                set_day_mode
 .text.increase_year_mode
                0x0000000008001724       0x30 ./Src/mode.o
                0x0000000008001724                increase_year_mode
 .text.decrease_year_mode
                0x0000000008001754       0x2c ./Src/mode.o
                0x0000000008001754                decrease_year_mode
 .text.increase_mon_mode
                0x0000000008001780       0x2c ./Src/mode.o
                0x0000000008001780                increase_mon_mode
 .text.decrease_mon_mode
                0x00000000080017ac       0x2c ./Src/mode.o
                0x00000000080017ac                decrease_mon_mode
 .text.increase_date_mode
                0x00000000080017d8      0x128 ./Src/mode.o
                0x00000000080017d8                increase_date_mode
 .text.decrease_date_mode
                0x0000000008001900      0x128 ./Src/mode.o
                0x0000000008001900                decrease_date_mode
 .text.increase_day_mode
                0x0000000008001a28       0x2c ./Src/mode.o
                0x0000000008001a28                increase_day_mode
 .text.decrease_day_mode
                0x0000000008001a54       0x2c ./Src/mode.o
                0x0000000008001a54                decrease_day_mode
 .text.save_mode
                0x0000000008001a80       0xa4 ./Src/mode.o
                0x0000000008001a80                save_mode
 .text.set_hms_mode
                0x0000000008001b24       0xb4 ./Src/mode.o
                0x0000000008001b24                set_hms_mode
 .text.set_alarm_mode
                0x0000000008001bd8       0xb4 ./Src/mode.o
                0x0000000008001bd8                set_alarm_mode
 .text.set_hour_mode
                0x0000000008001c8c       0xd4 ./Src/mode.o
                0x0000000008001c8c                set_hour_mode
 .text.set_min_mode
                0x0000000008001d60       0xd4 ./Src/mode.o
                0x0000000008001d60                set_min_mode
 .text.set_sec_mode
                0x0000000008001e34       0xd4 ./Src/mode.o
                0x0000000008001e34                set_sec_mode
 .text.increase_hour_mode
                0x0000000008001f08       0x2c ./Src/mode.o
                0x0000000008001f08                increase_hour_mode
 .text.decrease_hour_mode
                0x0000000008001f34       0x2c ./Src/mode.o
                0x0000000008001f34                decrease_hour_mode
 .text.increase_min_mode
                0x0000000008001f60       0x2c ./Src/mode.o
                0x0000000008001f60                increase_min_mode
 .text.decrease_min_mode
                0x0000000008001f8c       0x2c ./Src/mode.o
                0x0000000008001f8c                decrease_min_mode
 .text.increase_sec_mode
                0x0000000008001fb8       0x2c ./Src/mode.o
                0x0000000008001fb8                increase_sec_mode
 .text.decrease_sec_mode
                0x0000000008001fe4       0x2c ./Src/mode.o
                0x0000000008001fe4                decrease_sec_mode
 .text.set_cycle_mode
                0x0000000008002010      0x1c0 ./Src/mode.o
                0x0000000008002010                set_cycle_mode
 .text.set_cycle_monday_mode
                0x00000000080021d0      0x1e0 ./Src/mode.o
                0x00000000080021d0                set_cycle_monday_mode
 .text.set_cycle_tuesday_mode
                0x00000000080023b0      0x1e0 ./Src/mode.o
                0x00000000080023b0                set_cycle_tuesday_mode
 .text.set_cycle_wednesday_mode
                0x0000000008002590      0x1e0 ./Src/mode.o
                0x0000000008002590                set_cycle_wednesday_mode
 .text.set_cycle_thurday_mode
                0x0000000008002770      0x1e0 ./Src/mode.o
                0x0000000008002770                set_cycle_thurday_mode
 .text.set_cycle_friday_mode
                0x0000000008002950      0x1e0 ./Src/mode.o
                0x0000000008002950                set_cycle_friday_mode
 .text.set_cycle_saturday_mode
                0x0000000008002b30      0x1e0 ./Src/mode.o
                0x0000000008002b30                set_cycle_saturday_mode
 .text.set_cycle_sunday_mode
                0x0000000008002d10      0x1e0 ./Src/mode.o
                0x0000000008002d10                set_cycle_sunday_mode
 .text.change_cycle_mode
                0x0000000008002ef0       0xb4 ./Src/mode.o
                0x0000000008002ef0                change_cycle_mode
 .text.alarm_mode
                0x0000000008002fa4       0xb0 ./Src/mode.o
                0x0000000008002fa4                alarm_mode
 .text.SysClockConfig
                0x0000000008003054       0x80 ./Src/rcc_config.o
                0x0000000008003054                SysClockConfig
 .text.__NVIC_EnableIRQ
                0x00000000080030d4       0x38 ./Src/rtc.o
 .text.RTC_clk_config
                0x000000000800310c       0x78 ./Src/rtc.o
                0x000000000800310c                RTC_clk_config
 .text.RTC_config_start
                0x0000000008003184       0x38 ./Src/rtc.o
                0x0000000008003184                RTC_config_start
 .text.RTC_config_cmpt
                0x00000000080031bc       0x38 ./Src/rtc.o
                0x00000000080031bc                RTC_config_cmpt
 .text.RTC_interrupt_en
                0x00000000080031f4       0x28 ./Src/rtc.o
                0x00000000080031f4                RTC_interrupt_en
 .text.RTC_set_alarm
                0x000000000800321c       0x30 ./Src/rtc.o
                0x000000000800321c                RTC_set_alarm
 .text.RTC_set_counter
                0x000000000800324c       0x30 ./Src/rtc.o
                0x000000000800324c                RTC_set_counter
 .text.BKP_write_enable
                0x000000000800327c       0x1c ./Src/rtc.o
                0x000000000800327c                BKP_write_enable
 .text.BKP_write_disable
                0x0000000008003298       0x1c ./Src/rtc.o
                0x0000000008003298                BKP_write_disable
 .text.Get_time
                0x00000000080032b4       0xfc ./Src/rtc_app.o
                0x00000000080032b4                Get_time
 .text.Check_condition
                0x00000000080033b0      0x1a4 ./Src/rtc_app.o
                0x00000000080033b0                Check_condition
 .text.Set_flag
                0x0000000008003554       0x18 ./Src/rtc_app.o
                0x0000000008003554                Set_flag
 .text.Toggle_VCOM
                0x000000000800356c       0x24 ./Src/sharp96.o
 .text.LCD_send_byte
                0x0000000008003590       0x1c ./Src/sharp96.o
 .text.LCD_send_cmd
                0x00000000080035ac       0x2c ./Src/sharp96.o
 .text.Reverse_data
                0x00000000080035d8       0x8a ./Src/sharp96.o
 .text.LCD_send_toggle_VCOM
                0x0000000008003662       0x1c ./Src/sharp96.o
                0x0000000008003662                LCD_send_toggle_VCOM
 .text.LCD_display
                0x000000000800367e        0xc ./Src/sharp96.o
                0x000000000800367e                LCD_display
 .text.LCD_init
                0x000000000800368a       0x32 ./Src/sharp96.o
                0x000000000800368a                LCD_init
 .text.LCD_enable
                0x00000000080036bc       0x12 ./Src/sharp96.o
                0x00000000080036bc                LCD_enable
 .text.LCD_transmit_begin
                0x00000000080036ce       0x12 ./Src/sharp96.o
                0x00000000080036ce                LCD_transmit_begin
 .text.LCD_transmit_cmplt
                0x00000000080036e0       0x12 ./Src/sharp96.o
                0x00000000080036e0                LCD_transmit_cmplt
 .text.LCD_clear_screen
                0x00000000080036f2       0x1c ./Src/sharp96.o
                0x00000000080036f2                LCD_clear_screen
 .text.LCD_send_image
                0x000000000800370e       0x80 ./Src/sharp96.o
                0x000000000800370e                LCD_send_image
 *fill*         0x000000000800378e        0x2 
 .text.LCD_get_char8x8
                0x0000000008003790       0xac ./Src/sharp96.o
                0x0000000008003790                LCD_get_char8x8
 .text.LCD_get_string
                0x000000000800383c       0x86 ./Src/sharp96.o
                0x000000000800383c                LCD_get_string
 .text.SPI1_pin_init
                0x00000000080038c2       0x20 ./Src/spi.o
                0x00000000080038c2                SPI1_pin_init
 *fill*         0x00000000080038e2        0x2 
 .text.SPI1_set_MSB
                0x00000000080038e4       0x1c ./Src/spi.o
                0x00000000080038e4                SPI1_set_MSB
 .text.SPI1_enable
                0x0000000008003900       0x1c ./Src/spi.o
                0x0000000008003900                SPI1_enable
 .text.SPI1_master_config
                0x000000000800391c       0x8c ./Src/spi.o
                0x000000000800391c                SPI1_master_config
 .text.SPI1_transmit_data
                0x00000000080039a8       0x64 ./Src/spi.o
                0x00000000080039a8                SPI1_transmit_data
 .text.Wakeup_pin_en
                0x0000000008003a0c       0x48 ./Src/standby.o
                0x0000000008003a0c                Wakeup_pin_en
 .text.Enter_standby_mode
                0x0000000008003a54       0x30 ./Src/standby.o
                0x0000000008003a54                Enter_standby_mode
 .text._read    0x0000000008003a84       0x3a ./Src/syscalls.o
                0x0000000008003a84                _read
 .text._write   0x0000000008003abe       0x38 ./Src/syscalls.o
                0x0000000008003abe                _write
 .text._close   0x0000000008003af6       0x16 ./Src/syscalls.o
                0x0000000008003af6                _close
 .text._fstat   0x0000000008003b0c       0x1e ./Src/syscalls.o
                0x0000000008003b0c                _fstat
 .text._isatty  0x0000000008003b2a       0x14 ./Src/syscalls.o
                0x0000000008003b2a                _isatty
 .text._lseek   0x0000000008003b3e       0x18 ./Src/syscalls.o
                0x0000000008003b3e                _lseek
 *fill*         0x0000000008003b56        0x2 
 .text._sbrk    0x0000000008003b58       0x6c ./Src/sysmem.o
                0x0000000008003b58                _sbrk
 .text.__NVIC_EnableIRQ
                0x0000000008003bc4       0x38 ./Src/tim.o
 .text.__NVIC_SetPriority
                0x0000000008003bfc       0x54 ./Src/tim.o
 .text.Timer2Config
                0x0000000008003c50       0x50 ./Src/tim.o
                0x0000000008003c50                Timer2Config
 .text.Delay_us
                0x0000000008003ca0       0x2c ./Src/tim.o
                0x0000000008003ca0                Delay_us
 .text.Delay_ms
                0x0000000008003ccc       0x30 ./Src/tim.o
                0x0000000008003ccc                Delay_ms
 .text.Timer3Config
                0x0000000008003cfc       0x60 ./Src/tim.o
                0x0000000008003cfc                Timer3Config
 .text.Timer4Config
                0x0000000008003d5c       0x6c ./Src/tim.o
                0x0000000008003d5c                Timer4Config
 .text.Reset_timer4_counter
                0x0000000008003dc8       0x18 ./Src/tim.o
                0x0000000008003dc8                Reset_timer4_counter
 .text.Reset_Handler
                0x0000000008003de0       0x50 ./Startup/startup_stm32f103c8tx.o
                0x0000000008003de0                Reset_Handler
 .text.Default_Handler
                0x0000000008003e30        0x2 ./Startup/startup_stm32f103c8tx.o
                0x0000000008003e30                EXTI2_IRQHandler
                0x0000000008003e30                TIM8_TRG_COM_IRQHandler
                0x0000000008003e30                TIM8_CC_IRQHandler
                0x0000000008003e30                DebugMon_Handler
                0x0000000008003e30                TIM1_CC_IRQHandler
                0x0000000008003e30                HardFault_Handler
                0x0000000008003e30                TIM6_IRQHandler
                0x0000000008003e30                SysTick_Handler
                0x0000000008003e30                PVD_IRQHandler
                0x0000000008003e30                SDIO_IRQHandler
                0x0000000008003e30                PendSV_Handler
                0x0000000008003e30                NMI_Handler
                0x0000000008003e30                USB_HP_CAN_TX_IRQHandler
                0x0000000008003e30                EXTI0_IRQHandler
                0x0000000008003e30                I2C2_EV_IRQHandler
                0x0000000008003e30                UsageFault_Handler
                0x0000000008003e30                ADC1_2_IRQHandler
                0x0000000008003e30                SPI1_IRQHandler
                0x0000000008003e30                CAN_SCE_IRQHandler
                0x0000000008003e30                TAMPER_IRQHandler
                0x0000000008003e30                TIM8_UP_IRQHandler
                0x0000000008003e30                DMA2_Channel2_IRQHandler
                0x0000000008003e30                DMA1_Channel4_IRQHandler
                0x0000000008003e30                USART3_IRQHandler
                0x0000000008003e30                DMA1_Channel7_IRQHandler
                0x0000000008003e30                UART5_IRQHandler
                0x0000000008003e30                ADC3_IRQHandler
                0x0000000008003e30                CAN_RX1_IRQHandler
                0x0000000008003e30                DMA2_Channel1_IRQHandler
                0x0000000008003e30                I2C1_EV_IRQHandler
                0x0000000008003e30                DMA1_Channel6_IRQHandler
                0x0000000008003e30                UART4_IRQHandler
                0x0000000008003e30                RCC_IRQHandler
                0x0000000008003e30                TIM1_TRG_COM_IRQHandler
                0x0000000008003e30                DMA1_Channel1_IRQHandler
                0x0000000008003e30                Default_Handler
                0x0000000008003e30                TIM7_IRQHandler
                0x0000000008003e30                TIM5_IRQHandler
                0x0000000008003e30                SPI2_IRQHandler
                0x0000000008003e30                USB_LP_CAN_RX0_IRQHandler
                0x0000000008003e30                MemManage_Handler
                0x0000000008003e30                SVC_Handler
                0x0000000008003e30                DMA1_Channel5_IRQHandler
                0x0000000008003e30                DMA1_Channel3_IRQHandler
                0x0000000008003e30                FSMC_IRQHandler
                0x0000000008003e30                TIM1_UP_IRQHandler
                0x0000000008003e30                WWDG_IRQHandler
                0x0000000008003e30                TIM2_IRQHandler
                0x0000000008003e30                TIM1_BRK_IRQHandler
                0x0000000008003e30                EXTI1_IRQHandler
                0x0000000008003e30                RTCAlarm_IRQHandler
                0x0000000008003e30                DMA2_Channel4_5_IRQHandler
                0x0000000008003e30                USART2_IRQHandler
                0x0000000008003e30                I2C2_ER_IRQHandler
                0x0000000008003e30                DMA1_Channel2_IRQHandler
                0x0000000008003e30                TIM8_BRK_IRQHandler
                0x0000000008003e30                FLASH_IRQHandler
                0x0000000008003e30                BusFault_Handler
                0x0000000008003e30                USART1_IRQHandler
                0x0000000008003e30                SPI3_IRQHandler
                0x0000000008003e30                I2C1_ER_IRQHandler
                0x0000000008003e30                DMA2_Channel3_IRQHandler
 *fill*         0x0000000008003e32        0x2 
 .text.__errno  0x0000000008003e34        0xc c:/st/stm32cubeide_1.11.2/stm32cubeide/plugins/com.st.stm32cube.ide.mcu.externaltools.gnu-tools-for-stm32.10.3-2021.10.win32_1.0.100.202210260954/tools/bin/../lib/gcc/arm-none-eabi/10.3.1/../../../../arm-none-eabi/lib/thumb/v7-m/nofp\libc_nano.a(lib_a-errno.o)
                0x0000000008003e34                __errno
 .text.__libc_init_array
                0x0000000008003e40       0x48 c:/st/stm32cubeide_1.11.2/stm32cubeide/plugins/com.st.stm32cube.ide.mcu.externaltools.gnu-tools-for-stm32.10.3-2021.10.win32_1.0.100.202210260954/tools/bin/../lib/gcc/arm-none-eabi/10.3.1/../../../../arm-none-eabi/lib/thumb/v7-m/nofp\libc_nano.a(lib_a-init.o)
                0x0000000008003e40                __libc_init_array
 .text.__itoa   0x0000000008003e88       0x30 c:/st/stm32cubeide_1.11.2/stm32cubeide/plugins/com.st.stm32cube.ide.mcu.externaltools.gnu-tools-for-stm32.10.3-2021.10.win32_1.0.100.202210260954/tools/bin/../lib/gcc/arm-none-eabi/10.3.1/../../../../arm-none-eabi/lib/thumb/v7-m/nofp\libc_nano.a(lib_a-itoa.o)
                0x0000000008003e88                __itoa
 .text.itoa     0x0000000008003eb8        0x4 c:/st/stm32cubeide_1.11.2/stm32cubeide/plugins/com.st.stm32cube.ide.mcu.externaltools.gnu-tools-for-stm32.10.3-2021.10.win32_1.0.100.202210260954/tools/bin/../lib/gcc/arm-none-eabi/10.3.1/../../../../arm-none-eabi/lib/thumb/v7-m/nofp\libc_nano.a(lib_a-itoa.o)
                0x0000000008003eb8                itoa
 .text.memset   0x0000000008003ebc       0x10 c:/st/stm32cubeide_1.11.2/stm32cubeide/plugins/com.st.stm32cube.ide.mcu.externaltools.gnu-tools-for-stm32.10.3-2021.10.win32_1.0.100.202210260954/tools/bin/../lib/gcc/arm-none-eabi/10.3.1/../../../../arm-none-eabi/lib/thumb/v7-m/nofp\libc_nano.a(lib_a-memset.o)
                0x0000000008003ebc                memset
 .text._puts_r  0x0000000008003ecc       0xdc c:/st/stm32cubeide_1.11.2/stm32cubeide/plugins/com.st.stm32cube.ide.mcu.externaltools.gnu-tools-for-stm32.10.3-2021.10.win32_1.0.100.202210260954/tools/bin/../lib/gcc/arm-none-eabi/10.3.1/../../../../arm-none-eabi/lib/thumb/v7-m/nofp\libc_nano.a(lib_a-puts.o)
                0x0000000008003ecc                _puts_r
 .text.puts     0x0000000008003fa8       0x10 c:/st/stm32cubeide_1.11.2/stm32cubeide/plugins/com.st.stm32cube.ide.mcu.externaltools.gnu-tools-for-stm32.10.3-2021.10.win32_1.0.100.202210260954/tools/bin/../lib/gcc/arm-none-eabi/10.3.1/../../../../arm-none-eabi/lib/thumb/v7-m/nofp\libc_nano.a(lib_a-puts.o)
                0x0000000008003fa8                puts
 .text.strncpy  0x0000000008003fb8       0x26 c:/st/stm32cubeide_1.11.2/stm32cubeide/plugins/com.st.stm32cube.ide.mcu.externaltools.gnu-tools-for-stm32.10.3-2021.10.win32_1.0.100.202210260954/tools/bin/../lib/gcc/arm-none-eabi/10.3.1/../../../../arm-none-eabi/lib/thumb/v7-m/nofp\libc_nano.a(lib_a-strncpy.o)
                0x0000000008003fb8                strncpy
 *fill*         0x0000000008003fde        0x2 
 .text.__utoa   0x0000000008003fe0       0x84 c:/st/stm32cubeide_1.11.2/stm32cubeide/plugins/com.st.stm32cube.ide.mcu.externaltools.gnu-tools-for-stm32.10.3-2021.10.win32_1.0.100.202210260954/tools/bin/../lib/gcc/arm-none-eabi/10.3.1/../../../../arm-none-eabi/lib/thumb/v7-m/nofp\libc_nano.a(lib_a-utoa.o)
                0x0000000008003fe0                __utoa
 .text.__swbuf_r
                0x0000000008004064       0xa4 c:/st/stm32cubeide_1.11.2/stm32cubeide/plugins/com.st.stm32cube.ide.mcu.externaltools.gnu-tools-for-stm32.10.3-2021.10.win32_1.0.100.202210260954/tools/bin/../lib/gcc/arm-none-eabi/10.3.1/../../../../arm-none-eabi/lib/thumb/v7-m/nofp\libc_nano.a(lib_a-wbuf.o)
                0x0000000008004064                __swbuf_r
 .text.__swsetup_r
                0x0000000008004108       0xdc c:/st/stm32cubeide_1.11.2/stm32cubeide/plugins/com.st.stm32cube.ide.mcu.externaltools.gnu-tools-for-stm32.10.3-2021.10.win32_1.0.100.202210260954/tools/bin/../lib/gcc/arm-none-eabi/10.3.1/../../../../arm-none-eabi/lib/thumb/v7-m/nofp\libc_nano.a(lib_a-wsetup.o)
                0x0000000008004108                __swsetup_r
 .text.__sflush_r
                0x00000000080041e4      0x104 c:/st/stm32cubeide_1.11.2/stm32cubeide/plugins/com.st.stm32cube.ide.mcu.externaltools.gnu-tools-for-stm32.10.3-2021.10.win32_1.0.100.202210260954/tools/bin/../lib/gcc/arm-none-eabi/10.3.1/../../../../arm-none-eabi/lib/thumb/v7-m/nofp\libc_nano.a(lib_a-fflush.o)
                0x00000000080041e4                __sflush_r
 .text._fflush_r
                0x00000000080042e8       0x78 c:/st/stm32cubeide_1.11.2/stm32cubeide/plugins/com.st.stm32cube.ide.mcu.externaltools.gnu-tools-for-stm32.10.3-2021.10.win32_1.0.100.202210260954/tools/bin/../lib/gcc/arm-none-eabi/10.3.1/../../../../arm-none-eabi/lib/thumb/v7-m/nofp\libc_nano.a(lib_a-fflush.o)
                0x00000000080042e8                _fflush_r
 .text.std      0x0000000008004360       0x48 c:/st/stm32cubeide_1.11.2/stm32cubeide/plugins/com.st.stm32cube.ide.mcu.externaltools.gnu-tools-for-stm32.10.3-2021.10.win32_1.0.100.202210260954/tools/bin/../lib/gcc/arm-none-eabi/10.3.1/../../../../arm-none-eabi/lib/thumb/v7-m/nofp\libc_nano.a(lib_a-findfp.o)
 .text._cleanup_r
                0x00000000080043a8        0xc c:/st/stm32cubeide_1.11.2/stm32cubeide/plugins/com.st.stm32cube.ide.mcu.externaltools.gnu-tools-for-stm32.10.3-2021.10.win32_1.0.100.202210260954/tools/bin/../lib/gcc/arm-none-eabi/10.3.1/../../../../arm-none-eabi/lib/thumb/v7-m/nofp\libc_nano.a(lib_a-findfp.o)
                0x00000000080043a8                _cleanup_r
 .text.__sfmoreglue
                0x00000000080043b4       0x2c c:/st/stm32cubeide_1.11.2/stm32cubeide/plugins/com.st.stm32cube.ide.mcu.externaltools.gnu-tools-for-stm32.10.3-2021.10.win32_1.0.100.202210260954/tools/bin/../lib/gcc/arm-none-eabi/10.3.1/../../../../arm-none-eabi/lib/thumb/v7-m/nofp\libc_nano.a(lib_a-findfp.o)
                0x00000000080043b4                __sfmoreglue
 .text.__sfp_lock_acquire
                0x00000000080043e0        0xc c:/st/stm32cubeide_1.11.2/stm32cubeide/plugins/com.st.stm32cube.ide.mcu.externaltools.gnu-tools-for-stm32.10.3-2021.10.win32_1.0.100.202210260954/tools/bin/../lib/gcc/arm-none-eabi/10.3.1/../../../../arm-none-eabi/lib/thumb/v7-m/nofp\libc_nano.a(lib_a-findfp.o)
                0x00000000080043e0                __sfp_lock_acquire
 .text.__sfp_lock_release
                0x00000000080043ec        0xc c:/st/stm32cubeide_1.11.2/stm32cubeide/plugins/com.st.stm32cube.ide.mcu.externaltools.gnu-tools-for-stm32.10.3-2021.10.win32_1.0.100.202210260954/tools/bin/../lib/gcc/arm-none-eabi/10.3.1/../../../../arm-none-eabi/lib/thumb/v7-m/nofp\libc_nano.a(lib_a-findfp.o)
                0x00000000080043ec                __sfp_lock_release
 .text.__sinit_lock_acquire
                0x00000000080043f8        0xc c:/st/stm32cubeide_1.11.2/stm32cubeide/plugins/com.st.stm32cube.ide.mcu.externaltools.gnu-tools-for-stm32.10.3-2021.10.win32_1.0.100.202210260954/tools/bin/../lib/gcc/arm-none-eabi/10.3.1/../../../../arm-none-eabi/lib/thumb/v7-m/nofp\libc_nano.a(lib_a-findfp.o)
                0x00000000080043f8                __sinit_lock_acquire
 .text.__sinit_lock_release
                0x0000000008004404        0xc c:/st/stm32cubeide_1.11.2/stm32cubeide/plugins/com.st.stm32cube.ide.mcu.externaltools.gnu-tools-for-stm32.10.3-2021.10.win32_1.0.100.202210260954/tools/bin/../lib/gcc/arm-none-eabi/10.3.1/../../../../arm-none-eabi/lib/thumb/v7-m/nofp\libc_nano.a(lib_a-findfp.o)
                0x0000000008004404                __sinit_lock_release
 .text.__sinit  0x0000000008004410       0x70 c:/st/stm32cubeide_1.11.2/stm32cubeide/plugins/com.st.stm32cube.ide.mcu.externaltools.gnu-tools-for-stm32.10.3-2021.10.win32_1.0.100.202210260954/tools/bin/../lib/gcc/arm-none-eabi/10.3.1/../../../../arm-none-eabi/lib/thumb/v7-m/nofp\libc_nano.a(lib_a-findfp.o)
                0x0000000008004410                __sinit
 .text.__sfp    0x0000000008004480       0x8c c:/st/stm32cubeide_1.11.2/stm32cubeide/plugins/com.st.stm32cube.ide.mcu.externaltools.gnu-tools-for-stm32.10.3-2021.10.win32_1.0.100.202210260954/tools/bin/../lib/gcc/arm-none-eabi/10.3.1/../../../../arm-none-eabi/lib/thumb/v7-m/nofp\libc_nano.a(lib_a-findfp.o)
                0x0000000008004480                __sfp
 .text._fwalk_reent
                0x000000000800450c       0x3e c:/st/stm32cubeide_1.11.2/stm32cubeide/plugins/com.st.stm32cube.ide.mcu.externaltools.gnu-tools-for-stm32.10.3-2021.10.win32_1.0.100.202210260954/tools/bin/../lib/gcc/arm-none-eabi/10.3.1/../../../../arm-none-eabi/lib/thumb/v7-m/nofp\libc_nano.a(lib_a-fwalk.o)
                0x000000000800450c                _fwalk_reent
 .text.__retarget_lock_init_recursive
                0x000000000800454a        0x2 c:/st/stm32cubeide_1.11.2/stm32cubeide/plugins/com.st.stm32cube.ide.mcu.externaltools.gnu-tools-for-stm32.10.3-2021.10.win32_1.0.100.202210260954/tools/bin/../lib/gcc/arm-none-eabi/10.3.1/../../../../arm-none-eabi/lib/thumb/v7-m/nofp\libc_nano.a(lib_a-lock.o)
                0x000000000800454a                __retarget_lock_init_recursive
 .text.__retarget_lock_acquire_recursive
                0x000000000800454c        0x2 c:/st/stm32cubeide_1.11.2/stm32cubeide/plugins/com.st.stm32cube.ide.mcu.externaltools.gnu-tools-for-stm32.10.3-2021.10.win32_1.0.100.202210260954/tools/bin/../lib/gcc/arm-none-eabi/10.3.1/../../../../arm-none-eabi/lib/thumb/v7-m/nofp\libc_nano.a(lib_a-lock.o)
                0x000000000800454c                __retarget_lock_acquire_recursive
 .text.__retarget_lock_release_recursive
                0x000000000800454e        0x2 c:/st/stm32cubeide_1.11.2/stm32cubeide/plugins/com.st.stm32cube.ide.mcu.externaltools.gnu-tools-for-stm32.10.3-2021.10.win32_1.0.100.202210260954/tools/bin/../lib/gcc/arm-none-eabi/10.3.1/../../../../arm-none-eabi/lib/thumb/v7-m/nofp\libc_nano.a(lib_a-lock.o)
                0x000000000800454e                __retarget_lock_release_recursive
 .text.__swhatbuf_r
                0x0000000008004550       0x4a c:/st/stm32cubeide_1.11.2/stm32cubeide/plugins/com.st.stm32cube.ide.mcu.externaltools.gnu-tools-for-stm32.10.3-2021.10.win32_1.0.100.202210260954/tools/bin/../lib/gcc/arm-none-eabi/10.3.1/../../../../arm-none-eabi/lib/thumb/v7-m/nofp\libc_nano.a(lib_a-makebuf.o)
                0x0000000008004550                __swhatbuf_r
 *fill*         0x000000000800459a        0x2 
 .text.__smakebuf_r
                0x000000000800459c       0x80 c:/st/stm32cubeide_1.11.2/stm32cubeide/plugins/com.st.stm32cube.ide.mcu.externaltools.gnu-tools-for-stm32.10.3-2021.10.win32_1.0.100.202210260954/tools/bin/../lib/gcc/arm-none-eabi/10.3.1/../../../../arm-none-eabi/lib/thumb/v7-m/nofp\libc_nano.a(lib_a-makebuf.o)
                0x000000000800459c                __smakebuf_r
 .text._free_r  0x000000000800461c       0x90 c:/st/stm32cubeide_1.11.2/stm32cubeide/plugins/com.st.stm32cube.ide.mcu.externaltools.gnu-tools-for-stm32.10.3-2021.10.win32_1.0.100.202210260954/tools/bin/../lib/gcc/arm-none-eabi/10.3.1/../../../../arm-none-eabi/lib/thumb/v7-m/nofp\libc_nano.a(lib_a-nano-freer.o)
                0x000000000800461c                _free_r
 .text.sbrk_aligned
                0x00000000080046ac       0x40 c:/st/stm32cubeide_1.11.2/stm32cubeide/plugins/com.st.stm32cube.ide.mcu.externaltools.gnu-tools-for-stm32.10.3-2021.10.win32_1.0.100.202210260954/tools/bin/../lib/gcc/arm-none-eabi/10.3.1/../../../../arm-none-eabi/lib/thumb/v7-m/nofp\libc_nano.a(lib_a-nano-mallocr.o)
 .text._malloc_r
                0x00000000080046ec       0xe8 c:/st/stm32cubeide_1.11.2/stm32cubeide/plugins/com.st.stm32cube.ide.mcu.externaltools.gnu-tools-for-stm32.10.3-2021.10.win32_1.0.100.202210260954/tools/bin/../lib/gcc/arm-none-eabi/10.3.1/../../../../arm-none-eabi/lib/thumb/v7-m/nofp\libc_nano.a(lib_a-nano-mallocr.o)
                0x00000000080046ec                _malloc_r
 .text._sbrk_r  0x00000000080047d4       0x20 c:/st/stm32cubeide_1.11.2/stm32cubeide/plugins/com.st.stm32cube.ide.mcu.externaltools.gnu-tools-for-stm32.10.3-2021.10.win32_1.0.100.202210260954/tools/bin/../lib/gcc/arm-none-eabi/10.3.1/../../../../arm-none-eabi/lib/thumb/v7-m/nofp\libc_nano.a(lib_a-sbrkr.o)
                0x00000000080047d4                _sbrk_r
 .text.__sread  0x00000000080047f4       0x22 c:/st/stm32cubeide_1.11.2/stm32cubeide/plugins/com.st.stm32cube.ide.mcu.externaltools.gnu-tools-for-stm32.10.3-2021.10.win32_1.0.100.202210260954/tools/bin/../lib/gcc/arm-none-eabi/10.3.1/../../../../arm-none-eabi/lib/thumb/v7-m/nofp\libc_nano.a(lib_a-stdio.o)
                0x00000000080047f4                __sread
 .text.__swrite
                0x0000000008004816       0x38 c:/st/stm32cubeide_1.11.2/stm32cubeide/plugins/com.st.stm32cube.ide.mcu.externaltools.gnu-tools-for-stm32.10.3-2021.10.win32_1.0.100.202210260954/tools/bin/../lib/gcc/arm-none-eabi/10.3.1/../../../../arm-none-eabi/lib/thumb/v7-m/nofp\libc_nano.a(lib_a-stdio.o)
                0x0000000008004816                __swrite
 .text.__sseek  0x000000000800484e       0x24 c:/st/stm32cubeide_1.11.2/stm32cubeide/plugins/com.st.stm32cube.ide.mcu.externaltools.gnu-tools-for-stm32.10.3-2021.10.win32_1.0.100.202210260954/tools/bin/../lib/gcc/arm-none-eabi/10.3.1/../../../../arm-none-eabi/lib/thumb/v7-m/nofp\libc_nano.a(lib_a-stdio.o)
                0x000000000800484e                __sseek
 .text.__sclose
                0x0000000008004872        0x8 c:/st/stm32cubeide_1.11.2/stm32cubeide/plugins/com.st.stm32cube.ide.mcu.externaltools.gnu-tools-for-stm32.10.3-2021.10.win32_1.0.100.202210260954/tools/bin/../lib/gcc/arm-none-eabi/10.3.1/../../../../arm-none-eabi/lib/thumb/v7-m/nofp\libc_nano.a(lib_a-stdio.o)
                0x0000000008004872                __sclose
 *fill*         0x000000000800487a        0x2 
 .text._write_r
                0x000000000800487c       0x24 c:/st/stm32cubeide_1.11.2/stm32cubeide/plugins/com.st.stm32cube.ide.mcu.externaltools.gnu-tools-for-stm32.10.3-2021.10.win32_1.0.100.202210260954/tools/bin/../lib/gcc/arm-none-eabi/10.3.1/../../../../arm-none-eabi/lib/thumb/v7-m/nofp\libc_nano.a(lib_a-writer.o)
                0x000000000800487c                _write_r
 .text._close_r
                0x00000000080048a0       0x20 c:/st/stm32cubeide_1.11.2/stm32cubeide/plugins/com.st.stm32cube.ide.mcu.externaltools.gnu-tools-for-stm32.10.3-2021.10.win32_1.0.100.202210260954/tools/bin/../lib/gcc/arm-none-eabi/10.3.1/../../../../arm-none-eabi/lib/thumb/v7-m/nofp\libc_nano.a(lib_a-closer.o)
                0x00000000080048a0                _close_r
 .text._fstat_r
                0x00000000080048c0       0x24 c:/st/stm32cubeide_1.11.2/stm32cubeide/plugins/com.st.stm32cube.ide.mcu.externaltools.gnu-tools-for-stm32.10.3-2021.10.win32_1.0.100.202210260954/tools/bin/../lib/gcc/arm-none-eabi/10.3.1/../../../../arm-none-eabi/lib/thumb/v7-m/nofp\libc_nano.a(lib_a-fstatr.o)
                0x00000000080048c0                _fstat_r
 .text._isatty_r
                0x00000000080048e4       0x20 c:/st/stm32cubeide_1.11.2/stm32cubeide/plugins/com.st.stm32cube.ide.mcu.externaltools.gnu-tools-for-stm32.10.3-2021.10.win32_1.0.100.202210260954/tools/bin/../lib/gcc/arm-none-eabi/10.3.1/../../../../arm-none-eabi/lib/thumb/v7-m/nofp\libc_nano.a(lib_a-isattyr.o)
                0x00000000080048e4                _isatty_r
 .text._lseek_r
                0x0000000008004904       0x24 c:/st/stm32cubeide_1.11.2/stm32cubeide/plugins/com.st.stm32cube.ide.mcu.externaltools.gnu-tools-for-stm32.10.3-2021.10.win32_1.0.100.202210260954/tools/bin/../lib/gcc/arm-none-eabi/10.3.1/../../../../arm-none-eabi/lib/thumb/v7-m/nofp\libc_nano.a(lib_a-lseekr.o)
                0x0000000008004904                _lseek_r
 .text.__malloc_lock
                0x0000000008004928        0xc c:/st/stm32cubeide_1.11.2/stm32cubeide/plugins/com.st.stm32cube.ide.mcu.externaltools.gnu-tools-for-stm32.10.3-2021.10.win32_1.0.100.202210260954/tools/bin/../lib/gcc/arm-none-eabi/10.3.1/../../../../arm-none-eabi/lib/thumb/v7-m/nofp\libc_nano.a(lib_a-mlock.o)
                0x0000000008004928                __malloc_lock
 .text.__malloc_unlock
                0x0000000008004934        0xc c:/st/stm32cubeide_1.11.2/stm32cubeide/plugins/com.st.stm32cube.ide.mcu.externaltools.gnu-tools-for-stm32.10.3-2021.10.win32_1.0.100.202210260954/tools/bin/../lib/gcc/arm-none-eabi/10.3.1/../../../../arm-none-eabi/lib/thumb/v7-m/nofp\libc_nano.a(lib_a-mlock.o)
                0x0000000008004934                __malloc_unlock
 .text._read_r  0x0000000008004940       0x24 c:/st/stm32cubeide_1.11.2/stm32cubeide/plugins/com.st.stm32cube.ide.mcu.externaltools.gnu-tools-for-stm32.10.3-2021.10.win32_1.0.100.202210260954/tools/bin/../lib/gcc/arm-none-eabi/10.3.1/../../../../arm-none-eabi/lib/thumb/v7-m/nofp\libc_nano.a(lib_a-readr.o)
                0x0000000008004940                _read_r
 *(.glue_7)
 .glue_7        0x0000000008004964        0x0 linker stubs
 *(.glue_7t)
 .glue_7t       0x0000000008004964        0x0 linker stubs
 *(.eh_frame)
 .eh_frame      0x0000000008004964        0x0 c:/st/stm32cubeide_1.11.2/stm32cubeide/plugins/com.st.stm32cube.ide.mcu.externaltools.gnu-tools-for-stm32.10.3-2021.10.win32_1.0.100.202210260954/tools/bin/../lib/gcc/arm-none-eabi/10.3.1/thumb/v7-m/nofp/crtbegin.o
 *(.init)
 .init          0x0000000008004964        0x4 c:/st/stm32cubeide_1.11.2/stm32cubeide/plugins/com.st.stm32cube.ide.mcu.externaltools.gnu-tools-for-stm32.10.3-2021.10.win32_1.0.100.202210260954/tools/bin/../lib/gcc/arm-none-eabi/10.3.1/thumb/v7-m/nofp/crti.o
                0x0000000008004964                _init
 .init          0x0000000008004968        0x8 c:/st/stm32cubeide_1.11.2/stm32cubeide/plugins/com.st.stm32cube.ide.mcu.externaltools.gnu-tools-for-stm32.10.3-2021.10.win32_1.0.100.202210260954/tools/bin/../lib/gcc/arm-none-eabi/10.3.1/thumb/v7-m/nofp/crtn.o
 *(.fini)
 .fini          0x0000000008004970        0x4 c:/st/stm32cubeide_1.11.2/stm32cubeide/plugins/com.st.stm32cube.ide.mcu.externaltools.gnu-tools-for-stm32.10.3-2021.10.win32_1.0.100.202210260954/tools/bin/../lib/gcc/arm-none-eabi/10.3.1/thumb/v7-m/nofp/crti.o
                0x0000000008004970                _fini
 .fini          0x0000000008004974        0x8 c:/st/stm32cubeide_1.11.2/stm32cubeide/plugins/com.st.stm32cube.ide.mcu.externaltools.gnu-tools-for-stm32.10.3-2021.10.win32_1.0.100.202210260954/tools/bin/../lib/gcc/arm-none-eabi/10.3.1/thumb/v7-m/nofp/crtn.o
                0x000000000800497c                . = ALIGN (0x4)
                0x000000000800497c                _etext = .

.vfp11_veneer   0x000000000800497c        0x0
 .vfp11_veneer  0x000000000800497c        0x0 linker stubs

.v4_bx          0x000000000800497c        0x0
 .v4_bx         0x000000000800497c        0x0 linker stubs

.iplt           0x000000000800497c        0x0
 .iplt          0x000000000800497c        0x0 c:/st/stm32cubeide_1.11.2/stm32cubeide/plugins/com.st.stm32cube.ide.mcu.externaltools.gnu-tools-for-stm32.10.3-2021.10.win32_1.0.100.202210260954/tools/bin/../lib/gcc/arm-none-eabi/10.3.1/thumb/v7-m/nofp/crtbegin.o

.rodata         0x000000000800497c      0x184
                0x000000000800497c                . = ALIGN (0x4)
 *(.rodata)
 .rodata        0x000000000800497c       0x67 ./Src/gpio.o
 *fill*         0x00000000080049e3        0x1 
 .rodata        0x00000000080049e4       0x8f ./Src/mode.o
 *(.rodata*)
 *fill*         0x0000000008004a73        0x1 
 .rodata._global_impure_ptr
                0x0000000008004a74        0x4 c:/st/stm32cubeide_1.11.2/stm32cubeide/plugins/com.st.stm32cube.ide.mcu.externaltools.gnu-tools-for-stm32.10.3-2021.10.win32_1.0.100.202210260954/tools/bin/../lib/gcc/arm-none-eabi/10.3.1/../../../../arm-none-eabi/lib/thumb/v7-m/nofp\libc_nano.a(lib_a-impure.o)
                0x0000000008004a74                _global_impure_ptr
 .rodata.__utoa.str1.1
                0x0000000008004a78       0x25 c:/st/stm32cubeide_1.11.2/stm32cubeide/plugins/com.st.stm32cube.ide.mcu.externaltools.gnu-tools-for-stm32.10.3-2021.10.win32_1.0.100.202210260954/tools/bin/../lib/gcc/arm-none-eabi/10.3.1/../../../../arm-none-eabi/lib/thumb/v7-m/nofp\libc_nano.a(lib_a-utoa.o)
 *fill*         0x0000000008004a9d        0x3 
 .rodata.__sf_fake_stderr
                0x0000000008004aa0       0x20 c:/st/stm32cubeide_1.11.2/stm32cubeide/plugins/com.st.stm32cube.ide.mcu.externaltools.gnu-tools-for-stm32.10.3-2021.10.win32_1.0.100.202210260954/tools/bin/../lib/gcc/arm-none-eabi/10.3.1/../../../../arm-none-eabi/lib/thumb/v7-m/nofp\libc_nano.a(lib_a-findfp.o)
                0x0000000008004aa0                __sf_fake_stderr
 .rodata.__sf_fake_stdin
                0x0000000008004ac0       0x20 c:/st/stm32cubeide_1.11.2/stm32cubeide/plugins/com.st.stm32cube.ide.mcu.externaltools.gnu-tools-for-stm32.10.3-2021.10.win32_1.0.100.202210260954/tools/bin/../lib/gcc/arm-none-eabi/10.3.1/../../../../arm-none-eabi/lib/thumb/v7-m/nofp\libc_nano.a(lib_a-findfp.o)
                0x0000000008004ac0                __sf_fake_stdin
 .rodata.__sf_fake_stdout
                0x0000000008004ae0       0x20 c:/st/stm32cubeide_1.11.2/stm32cubeide/plugins/com.st.stm32cube.ide.mcu.externaltools.gnu-tools-for-stm32.10.3-2021.10.win32_1.0.100.202210260954/tools/bin/../lib/gcc/arm-none-eabi/10.3.1/../../../../arm-none-eabi/lib/thumb/v7-m/nofp\libc_nano.a(lib_a-findfp.o)
                0x0000000008004ae0                __sf_fake_stdout
                0x0000000008004b00                . = ALIGN (0x4)

.rel.dyn        0x0000000008004b00        0x0
 .rel.iplt      0x0000000008004b00        0x0 c:/st/stm32cubeide_1.11.2/stm32cubeide/plugins/com.st.stm32cube.ide.mcu.externaltools.gnu-tools-for-stm32.10.3-2021.10.win32_1.0.100.202210260954/tools/bin/../lib/gcc/arm-none-eabi/10.3.1/thumb/v7-m/nofp/crtbegin.o

.ARM.extab      0x0000000008004b00        0x0
                0x0000000008004b00                . = ALIGN (0x4)
 *(.ARM.extab* .gnu.linkonce.armextab.*)
                0x0000000008004b00                . = ALIGN (0x4)

.ARM            0x0000000008004b00        0x0
                0x0000000008004b00                . = ALIGN (0x4)
                0x0000000008004b00                __exidx_start = .
 *(.ARM.exidx*)
                0x0000000008004b00                __exidx_end = .
                0x0000000008004b00                . = ALIGN (0x4)

.preinit_array  0x0000000008004b00        0x0
                0x0000000008004b00                . = ALIGN (0x4)
                0x0000000008004b00                PROVIDE (__preinit_array_start = .)
 *(.preinit_array*)
                0x0000000008004b00                PROVIDE (__preinit_array_end = .)
                0x0000000008004b00                . = ALIGN (0x4)

.init_array     0x0000000008004b00        0x4
                0x0000000008004b00                . = ALIGN (0x4)
                0x0000000008004b00                PROVIDE (__init_array_start = .)
 *(SORT_BY_NAME(.init_array.*))
 *(.init_array*)
 .init_array    0x0000000008004b00        0x4 c:/st/stm32cubeide_1.11.2/stm32cubeide/plugins/com.st.stm32cube.ide.mcu.externaltools.gnu-tools-for-stm32.10.3-2021.10.win32_1.0.100.202210260954/tools/bin/../lib/gcc/arm-none-eabi/10.3.1/thumb/v7-m/nofp/crtbegin.o
                0x0000000008004b04                PROVIDE (__init_array_end = .)
                0x0000000008004b04                . = ALIGN (0x4)

.fini_array     0x0000000008004b04        0x4
                0x0000000008004b04                . = ALIGN (0x4)
                [!provide]                        PROVIDE (__fini_array_start = .)
 *(SORT_BY_NAME(.fini_array.*))
 *(.fini_array*)
 .fini_array    0x0000000008004b04        0x4 c:/st/stm32cubeide_1.11.2/stm32cubeide/plugins/com.st.stm32cube.ide.mcu.externaltools.gnu-tools-for-stm32.10.3-2021.10.win32_1.0.100.202210260954/tools/bin/../lib/gcc/arm-none-eabi/10.3.1/thumb/v7-m/nofp/crtbegin.o
                [!provide]                        PROVIDE (__fini_array_end = .)
                0x0000000008004b08                . = ALIGN (0x4)
                0x0000000008004b08                _sidata = LOADADDR (.data)

.data           0x0000000020000000      0x7c4 load address 0x0000000008004b08
                0x0000000020000000                . = ALIGN (0x4)
                0x0000000020000000                _sdata = .
 *(.data)
 *(.data*)
 .data.font8x8  0x0000000020000000      0x760 ./Src/font8x8.o
                0x0000000020000000                font8x8
 .data._impure_ptr
                0x0000000020000760        0x4 c:/st/stm32cubeide_1.11.2/stm32cubeide/plugins/com.st.stm32cube.ide.mcu.externaltools.gnu-tools-for-stm32.10.3-2021.10.win32_1.0.100.202210260954/tools/bin/../lib/gcc/arm-none-eabi/10.3.1/../../../../arm-none-eabi/lib/thumb/v7-m/nofp\libc_nano.a(lib_a-impure.o)
                0x0000000020000760                _impure_ptr
 .data.impure_data
                0x0000000020000764       0x60 c:/st/stm32cubeide_1.11.2/stm32cubeide/plugins/com.st.stm32cube.ide.mcu.externaltools.gnu-tools-for-stm32.10.3-2021.10.win32_1.0.100.202210260954/tools/bin/../lib/gcc/arm-none-eabi/10.3.1/../../../../arm-none-eabi/lib/thumb/v7-m/nofp\libc_nano.a(lib_a-impure.o)
 *(.RamFunc)
 *(.RamFunc*)
                0x00000000200007c4                . = ALIGN (0x4)
                0x00000000200007c4                _edata = .

.igot.plt       0x00000000200007c4        0x0 load address 0x00000000080052cc
 .igot.plt      0x00000000200007c4        0x0 c:/st/stm32cubeide_1.11.2/stm32cubeide/plugins/com.st.stm32cube.ide.mcu.externaltools.gnu-tools-for-stm32.10.3-2021.10.win32_1.0.100.202210260954/tools/bin/../lib/gcc/arm-none-eabi/10.3.1/thumb/v7-m/nofp/crtbegin.o
                0x00000000200007c4                . = ALIGN (0x4)

.bss            0x00000000200007c4      0x4f0 load address 0x00000000080052cc
                0x00000000200007c4                _sbss = .
                0x00000000200007c4                __bss_start__ = _sbss
 *(.bss)
 .bss           0x00000000200007c4       0x1c c:/st/stm32cubeide_1.11.2/stm32cubeide/plugins/com.st.stm32cube.ide.mcu.externaltools.gnu-tools-for-stm32.10.3-2021.10.win32_1.0.100.202210260954/tools/bin/../lib/gcc/arm-none-eabi/10.3.1/thumb/v7-m/nofp/crtbegin.o
 *(.bss*)
 .bss.display_data
                0x00000000200007e0      0x480 ./Src/main.o
                0x00000000200007e0                display_data
 .bss.current_time
                0x0000000020000c60        0xc ./Src/main.o
                0x0000000020000c60                current_time
 .bss.temp_time
                0x0000000020000c6c        0xc ./Src/main.o
                0x0000000020000c6c                temp_time
 .bss.alarm_time
                0x0000000020000c78        0xc ./Src/main.o
                0x0000000020000c78                alarm_time
 .bss.mode      0x0000000020000c84        0x1 ./Src/main.o
                0x0000000020000c84                mode
 .bss.blink     0x0000000020000c85        0x1 ./Src/main.o
                0x0000000020000c85                blink
 .bss.flag      0x0000000020000c86        0x1 ./Src/main.o
                0x0000000020000c86                flag
 .bss.set_alarm
                0x0000000020000c87        0x1 ./Src/main.o
                0x0000000020000c87                set_alarm
 .bss.cycle     0x0000000020000c88        0x1 ./Src/main.o
                0x0000000020000c88                cycle
 .bss.temp_cycle
                0x0000000020000c89        0x1 ./Src/main.o
                0x0000000020000c89                temp_cycle
 .bss.alarm_times
                0x0000000020000c8a        0x1 ./Src/main.o
                0x0000000020000c8a                alarm_times
 *fill*         0x0000000020000c8b        0x1 
 .bss.button0_mode_ptr
                0x0000000020000c8c        0x4 ./Src/main.o
                0x0000000020000c8c                button0_mode_ptr
 .bss.button1_mode_ptr
                0x0000000020000c90        0x4 ./Src/main.o
                0x0000000020000c90                button1_mode_ptr
 .bss.button2_mode_ptr
                0x0000000020000c94        0x4 ./Src/main.o
                0x0000000020000c94                button2_mode_ptr
 .bss.button3_mode_ptr
                0x0000000020000c98        0x4 ./Src/main.o
                0x0000000020000c98                button3_mode_ptr
 .bss.VCom      0x0000000020000c9c        0x1 ./Src/sharp96.o
 *fill*         0x0000000020000c9d        0x3 
 .bss.__sbrk_heap_end
                0x0000000020000ca0        0x4 ./Src/sysmem.o
 .bss.__lock___malloc_recursive_mutex
                0x0000000020000ca4        0x1 c:/st/stm32cubeide_1.11.2/stm32cubeide/plugins/com.st.stm32cube.ide.mcu.externaltools.gnu-tools-for-stm32.10.3-2021.10.win32_1.0.100.202210260954/tools/bin/../lib/gcc/arm-none-eabi/10.3.1/../../../../arm-none-eabi/lib/thumb/v7-m/nofp\libc_nano.a(lib_a-lock.o)
                0x0000000020000ca4                __lock___malloc_recursive_mutex
 .bss.__lock___sfp_recursive_mutex
                0x0000000020000ca5        0x1 c:/st/stm32cubeide_1.11.2/stm32cubeide/plugins/com.st.stm32cube.ide.mcu.externaltools.gnu-tools-for-stm32.10.3-2021.10.win32_1.0.100.202210260954/tools/bin/../lib/gcc/arm-none-eabi/10.3.1/../../../../arm-none-eabi/lib/thumb/v7-m/nofp\libc_nano.a(lib_a-lock.o)
                0x0000000020000ca5                __lock___sfp_recursive_mutex
 .bss.__lock___sinit_recursive_mutex
                0x0000000020000ca6        0x1 c:/st/stm32cubeide_1.11.2/stm32cubeide/plugins/com.st.stm32cube.ide.mcu.externaltools.gnu-tools-for-stm32.10.3-2021.10.win32_1.0.100.202210260954/tools/bin/../lib/gcc/arm-none-eabi/10.3.1/../../../../arm-none-eabi/lib/thumb/v7-m/nofp\libc_nano.a(lib_a-lock.o)
                0x0000000020000ca6                __lock___sinit_recursive_mutex
 *fill*         0x0000000020000ca7        0x1 
 .bss.__malloc_free_list
                0x0000000020000ca8        0x4 c:/st/stm32cubeide_1.11.2/stm32cubeide/plugins/com.st.stm32cube.ide.mcu.externaltools.gnu-tools-for-stm32.10.3-2021.10.win32_1.0.100.202210260954/tools/bin/../lib/gcc/arm-none-eabi/10.3.1/../../../../arm-none-eabi/lib/thumb/v7-m/nofp\libc_nano.a(lib_a-nano-mallocr.o)
                0x0000000020000ca8                __malloc_free_list
 .bss.__malloc_sbrk_start
                0x0000000020000cac        0x4 c:/st/stm32cubeide_1.11.2/stm32cubeide/plugins/com.st.stm32cube.ide.mcu.externaltools.gnu-tools-for-stm32.10.3-2021.10.win32_1.0.100.202210260954/tools/bin/../lib/gcc/arm-none-eabi/10.3.1/../../../../arm-none-eabi/lib/thumb/v7-m/nofp\libc_nano.a(lib_a-nano-mallocr.o)
                0x0000000020000cac                __malloc_sbrk_start
 .bss.errno     0x0000000020000cb0        0x4 c:/st/stm32cubeide_1.11.2/stm32cubeide/plugins/com.st.stm32cube.ide.mcu.externaltools.gnu-tools-for-stm32.10.3-2021.10.win32_1.0.100.202210260954/tools/bin/../lib/gcc/arm-none-eabi/10.3.1/../../../../arm-none-eabi/lib/thumb/v7-m/nofp\libc_nano.a(lib_a-reent.o)
                0x0000000020000cb0                errno
 *(COMMON)
                0x0000000020000cb4                . = ALIGN (0x4)
                0x0000000020000cb4                _ebss = .
                0x0000000020000cb4                __bss_end__ = _ebss

._user_heap_stack
                0x0000000020000cb4      0x604 load address 0x00000000080052cc
                0x0000000020000cb8                . = ALIGN (0x8)
 *fill*         0x0000000020000cb4        0x4 
                [!provide]                        PROVIDE (end = .)
                0x0000000020000cb8                PROVIDE (_end = .)
                0x0000000020000eb8                . = (. + _Min_Heap_Size)
 *fill*         0x0000000020000cb8      0x200 
                0x00000000200012b8                . = (. + _Min_Stack_Size)
 *fill*         0x0000000020000eb8      0x400 
                0x00000000200012b8                . = ALIGN (0x8)

/DISCARD/
 libc.a(*)
 libm.a(*)
 libgcc.a(*)

.ARM.attributes
                0x0000000000000000       0x29
 *(.ARM.attributes)
 .ARM.attributes
                0x0000000000000000       0x1d c:/st/stm32cubeide_1.11.2/stm32cubeide/plugins/com.st.stm32cube.ide.mcu.externaltools.gnu-tools-for-stm32.10.3-2021.10.win32_1.0.100.202210260954/tools/bin/../lib/gcc/arm-none-eabi/10.3.1/thumb/v7-m/nofp/crti.o
 .ARM.attributes
                0x000000000000001d       0x2d c:/st/stm32cubeide_1.11.2/stm32cubeide/plugins/com.st.stm32cube.ide.mcu.externaltools.gnu-tools-for-stm32.10.3-2021.10.win32_1.0.100.202210260954/tools/bin/../lib/gcc/arm-none-eabi/10.3.1/thumb/v7-m/nofp/crtbegin.o
 .ARM.attributes
                0x000000000000004a       0x2d ./Src/digital_clock.o
 .ARM.attributes
                0x0000000000000077       0x2d ./Src/font8x8.o
 .ARM.attributes
                0x00000000000000a4       0x2d ./Src/gpio.o
 .ARM.attributes
                0x00000000000000d1       0x2d ./Src/gpio_exti.o
 .ARM.attributes
                0x00000000000000fe       0x2d ./Src/main.o
 .ARM.attributes
                0x000000000000012b       0x2d ./Src/mode.o
 .ARM.attributes
                0x0000000000000158       0x2d ./Src/rcc_config.o
 .ARM.attributes
                0x0000000000000185       0x2d ./Src/rtc.o
 .ARM.attributes
                0x00000000000001b2       0x2d ./Src/rtc_app.o
 .ARM.attributes
                0x00000000000001df       0x2d ./Src/sharp96.o
 .ARM.attributes
                0x000000000000020c       0x2d ./Src/spi.o
 .ARM.attributes
                0x0000000000000239       0x2d ./Src/standby.o
 .ARM.attributes
                0x0000000000000266       0x2d ./Src/syscalls.o
 .ARM.attributes
                0x0000000000000293       0x2d ./Src/sysmem.o
 .ARM.attributes
                0x00000000000002c0       0x2d ./Src/tim.o
 .ARM.attributes
                0x00000000000002ed       0x21 ./Startup/startup_stm32f103c8tx.o
 .ARM.attributes
                0x000000000000030e       0x2d c:/st/stm32cubeide_1.11.2/stm32cubeide/plugins/com.st.stm32cube.ide.mcu.externaltools.gnu-tools-for-stm32.10.3-2021.10.win32_1.0.100.202210260954/tools/bin/../lib/gcc/arm-none-eabi/10.3.1/../../../../arm-none-eabi/lib/thumb/v7-m/nofp\libc_nano.a(lib_a-errno.o)
 .ARM.attributes
                0x000000000000033b       0x2d c:/st/stm32cubeide_1.11.2/stm32cubeide/plugins/com.st.stm32cube.ide.mcu.externaltools.gnu-tools-for-stm32.10.3-2021.10.win32_1.0.100.202210260954/tools/bin/../lib/gcc/arm-none-eabi/10.3.1/../../../../arm-none-eabi/lib/thumb/v7-m/nofp\libc_nano.a(lib_a-impure.o)
 .ARM.attributes
                0x0000000000000368       0x2d c:/st/stm32cubeide_1.11.2/stm32cubeide/plugins/com.st.stm32cube.ide.mcu.externaltools.gnu-tools-for-stm32.10.3-2021.10.win32_1.0.100.202210260954/tools/bin/../lib/gcc/arm-none-eabi/10.3.1/../../../../arm-none-eabi/lib/thumb/v7-m/nofp\libc_nano.a(lib_a-init.o)
 .ARM.attributes
                0x0000000000000395       0x2d c:/st/stm32cubeide_1.11.2/stm32cubeide/plugins/com.st.stm32cube.ide.mcu.externaltools.gnu-tools-for-stm32.10.3-2021.10.win32_1.0.100.202210260954/tools/bin/../lib/gcc/arm-none-eabi/10.3.1/../../../../arm-none-eabi/lib/thumb/v7-m/nofp\libc_nano.a(lib_a-itoa.o)
 .ARM.attributes
                0x00000000000003c2       0x2d c:/st/stm32cubeide_1.11.2/stm32cubeide/plugins/com.st.stm32cube.ide.mcu.externaltools.gnu-tools-for-stm32.10.3-2021.10.win32_1.0.100.202210260954/tools/bin/../lib/gcc/arm-none-eabi/10.3.1/../../../../arm-none-eabi/lib/thumb/v7-m/nofp\libc_nano.a(lib_a-memset.o)
 .ARM.attributes
                0x00000000000003ef       0x2d c:/st/stm32cubeide_1.11.2/stm32cubeide/plugins/com.st.stm32cube.ide.mcu.externaltools.gnu-tools-for-stm32.10.3-2021.10.win32_1.0.100.202210260954/tools/bin/../lib/gcc/arm-none-eabi/10.3.1/../../../../arm-none-eabi/lib/thumb/v7-m/nofp\libc_nano.a(lib_a-puts.o)
 .ARM.attributes
                0x000000000000041c       0x17 c:/st/stm32cubeide_1.11.2/stm32cubeide/plugins/com.st.stm32cube.ide.mcu.externaltools.gnu-tools-for-stm32.10.3-2021.10.win32_1.0.100.202210260954/tools/bin/../lib/gcc/arm-none-eabi/10.3.1/../../../../arm-none-eabi/lib/thumb/v7-m/nofp\libc_nano.a(lib_a-strlen.o)
 .ARM.attributes
                0x0000000000000433       0x2d c:/st/stm32cubeide_1.11.2/stm32cubeide/plugins/com.st.stm32cube.ide.mcu.externaltools.gnu-tools-for-stm32.10.3-2021.10.win32_1.0.100.202210260954/tools/bin/../lib/gcc/arm-none-eabi/10.3.1/../../../../arm-none-eabi/lib/thumb/v7-m/nofp\libc_nano.a(lib_a-strncpy.o)
 .ARM.attributes
                0x0000000000000460       0x2d c:/st/stm32cubeide_1.11.2/stm32cubeide/plugins/com.st.stm32cube.ide.mcu.externaltools.gnu-tools-for-stm32.10.3-2021.10.win32_1.0.100.202210260954/tools/bin/../lib/gcc/arm-none-eabi/10.3.1/../../../../arm-none-eabi/lib/thumb/v7-m/nofp\libc_nano.a(lib_a-utoa.o)
 .ARM.attributes
                0x000000000000048d       0x2d c:/st/stm32cubeide_1.11.2/stm32cubeide/plugins/com.st.stm32cube.ide.mcu.externaltools.gnu-tools-for-stm32.10.3-2021.10.win32_1.0.100.202210260954/tools/bin/../lib/gcc/arm-none-eabi/10.3.1/../../../../arm-none-eabi/lib/thumb/v7-m/nofp\libc_nano.a(lib_a-wbuf.o)
 .ARM.attributes
                0x00000000000004ba       0x2d c:/st/stm32cubeide_1.11.2/stm32cubeide/plugins/com.st.stm32cube.ide.mcu.externaltools.gnu-tools-for-stm32.10.3-2021.10.win32_1.0.100.202210260954/tools/bin/../lib/gcc/arm-none-eabi/10.3.1/../../../../arm-none-eabi/lib/thumb/v7-m/nofp\libc_nano.a(lib_a-wsetup.o)
 .ARM.attributes
                0x00000000000004e7       0x2d c:/st/stm32cubeide_1.11.2/stm32cubeide/plugins/com.st.stm32cube.ide.mcu.externaltools.gnu-tools-for-stm32.10.3-2021.10.win32_1.0.100.202210260954/tools/bin/../lib/gcc/arm-none-eabi/10.3.1/../../../../arm-none-eabi/lib/thumb/v7-m/nofp\libc_nano.a(lib_a-fflush.o)
 .ARM.attributes
                0x0000000000000514       0x2d c:/st/stm32cubeide_1.11.2/stm32cubeide/plugins/com.st.stm32cube.ide.mcu.externaltools.gnu-tools-for-stm32.10.3-2021.10.win32_1.0.100.202210260954/tools/bin/../lib/gcc/arm-none-eabi/10.3.1/../../../../arm-none-eabi/lib/thumb/v7-m/nofp\libc_nano.a(lib_a-findfp.o)
 .ARM.attributes
                0x0000000000000541       0x2d c:/st/stm32cubeide_1.11.2/stm32cubeide/plugins/com.st.stm32cube.ide.mcu.externaltools.gnu-tools-for-stm32.10.3-2021.10.win32_1.0.100.202210260954/tools/bin/../lib/gcc/arm-none-eabi/10.3.1/../../../../arm-none-eabi/lib/thumb/v7-m/nofp\libc_nano.a(lib_a-fwalk.o)
 .ARM.attributes
                0x000000000000056e       0x2d c:/st/stm32cubeide_1.11.2/stm32cubeide/plugins/com.st.stm32cube.ide.mcu.externaltools.gnu-tools-for-stm32.10.3-2021.10.win32_1.0.100.202210260954/tools/bin/../lib/gcc/arm-none-eabi/10.3.1/../../../../arm-none-eabi/lib/thumb/v7-m/nofp\libc_nano.a(lib_a-lock.o)
 .ARM.attributes
                0x000000000000059b       0x2d c:/st/stm32cubeide_1.11.2/stm32cubeide/plugins/com.st.stm32cube.ide.mcu.externaltools.gnu-tools-for-stm32.10.3-2021.10.win32_1.0.100.202210260954/tools/bin/../lib/gcc/arm-none-eabi/10.3.1/../../../../arm-none-eabi/lib/thumb/v7-m/nofp\libc_nano.a(lib_a-makebuf.o)
 .ARM.attributes
                0x00000000000005c8       0x2d c:/st/stm32cubeide_1.11.2/stm32cubeide/plugins/com.st.stm32cube.ide.mcu.externaltools.gnu-tools-for-stm32.10.3-2021.10.win32_1.0.100.202210260954/tools/bin/../lib/gcc/arm-none-eabi/10.3.1/../../../../arm-none-eabi/lib/thumb/v7-m/nofp\libc_nano.a(lib_a-nano-freer.o)
 .ARM.attributes
                0x00000000000005f5       0x2d c:/st/stm32cubeide_1.11.2/stm32cubeide/plugins/com.st.stm32cube.ide.mcu.externaltools.gnu-tools-for-stm32.10.3-2021.10.win32_1.0.100.202210260954/tools/bin/../lib/gcc/arm-none-eabi/10.3.1/../../../../arm-none-eabi/lib/thumb/v7-m/nofp\libc_nano.a(lib_a-nano-mallocr.o)
 .ARM.attributes
                0x0000000000000622       0x2d c:/st/stm32cubeide_1.11.2/stm32cubeide/plugins/com.st.stm32cube.ide.mcu.externaltools.gnu-tools-for-stm32.10.3-2021.10.win32_1.0.100.202210260954/tools/bin/../lib/gcc/arm-none-eabi/10.3.1/../../../../arm-none-eabi/lib/thumb/v7-m/nofp\libc_nano.a(lib_a-sbrkr.o)
 .ARM.attributes
                0x000000000000064f       0x2d c:/st/stm32cubeide_1.11.2/stm32cubeide/plugins/com.st.stm32cube.ide.mcu.externaltools.gnu-tools-for-stm32.10.3-2021.10.win32_1.0.100.202210260954/tools/bin/../lib/gcc/arm-none-eabi/10.3.1/../../../../arm-none-eabi/lib/thumb/v7-m/nofp\libc_nano.a(lib_a-stdio.o)
 .ARM.attributes
                0x000000000000067c       0x2d c:/st/stm32cubeide_1.11.2/stm32cubeide/plugins/com.st.stm32cube.ide.mcu.externaltools.gnu-tools-for-stm32.10.3-2021.10.win32_1.0.100.202210260954/tools/bin/../lib/gcc/arm-none-eabi/10.3.1/../../../../arm-none-eabi/lib/thumb/v7-m/nofp\libc_nano.a(lib_a-writer.o)
 .ARM.attributes
                0x00000000000006a9       0x2d c:/st/stm32cubeide_1.11.2/stm32cubeide/plugins/com.st.stm32cube.ide.mcu.externaltools.gnu-tools-for-stm32.10.3-2021.10.win32_1.0.100.202210260954/tools/bin/../lib/gcc/arm-none-eabi/10.3.1/../../../../arm-none-eabi/lib/thumb/v7-m/nofp\libc_nano.a(lib_a-closer.o)
 .ARM.attributes
                0x00000000000006d6       0x2d c:/st/stm32cubeide_1.11.2/stm32cubeide/plugins/com.st.stm32cube.ide.mcu.externaltools.gnu-tools-for-stm32.10.3-2021.10.win32_1.0.100.202210260954/tools/bin/../lib/gcc/arm-none-eabi/10.3.1/../../../../arm-none-eabi/lib/thumb/v7-m/nofp\libc_nano.a(lib_a-fstatr.o)
 .ARM.attributes
                0x0000000000000703       0x2d c:/st/stm32cubeide_1.11.2/stm32cubeide/plugins/com.st.stm32cube.ide.mcu.externaltools.gnu-tools-for-stm32.10.3-2021.10.win32_1.0.100.202210260954/tools/bin/../lib/gcc/arm-none-eabi/10.3.1/../../../../arm-none-eabi/lib/thumb/v7-m/nofp\libc_nano.a(lib_a-isattyr.o)
 .ARM.attributes
                0x0000000000000730       0x2d c:/st/stm32cubeide_1.11.2/stm32cubeide/plugins/com.st.stm32cube.ide.mcu.externaltools.gnu-tools-for-stm32.10.3-2021.10.win32_1.0.100.202210260954/tools/bin/../lib/gcc/arm-none-eabi/10.3.1/../../../../arm-none-eabi/lib/thumb/v7-m/nofp\libc_nano.a(lib_a-lseekr.o)
 .ARM.attributes
                0x000000000000075d       0x2d c:/st/stm32cubeide_1.11.2/stm32cubeide/plugins/com.st.stm32cube.ide.mcu.externaltools.gnu-tools-for-stm32.10.3-2021.10.win32_1.0.100.202210260954/tools/bin/../lib/gcc/arm-none-eabi/10.3.1/../../../../arm-none-eabi/lib/thumb/v7-m/nofp\libc_nano.a(lib_a-mlock.o)
 .ARM.attributes
                0x000000000000078a       0x2d c:/st/stm32cubeide_1.11.2/stm32cubeide/plugins/com.st.stm32cube.ide.mcu.externaltools.gnu-tools-for-stm32.10.3-2021.10.win32_1.0.100.202210260954/tools/bin/../lib/gcc/arm-none-eabi/10.3.1/../../../../arm-none-eabi/lib/thumb/v7-m/nofp\libc_nano.a(lib_a-readr.o)
 .ARM.attributes
                0x00000000000007b7       0x2d c:/st/stm32cubeide_1.11.2/stm32cubeide/plugins/com.st.stm32cube.ide.mcu.externaltools.gnu-tools-for-stm32.10.3-2021.10.win32_1.0.100.202210260954/tools/bin/../lib/gcc/arm-none-eabi/10.3.1/../../../../arm-none-eabi/lib/thumb/v7-m/nofp\libc_nano.a(lib_a-reent.o)
 .ARM.attributes
                0x00000000000007e4       0x1d c:/st/stm32cubeide_1.11.2/stm32cubeide/plugins/com.st.stm32cube.ide.mcu.externaltools.gnu-tools-for-stm32.10.3-2021.10.win32_1.0.100.202210260954/tools/bin/../lib/gcc/arm-none-eabi/10.3.1/thumb/v7-m/nofp/crtn.o
OUTPUT(test.elf elf32-littlearm)
LOAD linker stubs
LOAD c:/st/stm32cubeide_1.11.2/stm32cubeide/plugins/com.st.stm32cube.ide.mcu.externaltools.gnu-tools-for-stm32.10.3-2021.10.win32_1.0.100.202210260954/tools/bin/../lib/gcc/arm-none-eabi/10.3.1/../../../../arm-none-eabi/lib/thumb/v7-m/nofp\libc.a
LOAD c:/st/stm32cubeide_1.11.2/stm32cubeide/plugins/com.st.stm32cube.ide.mcu.externaltools.gnu-tools-for-stm32.10.3-2021.10.win32_1.0.100.202210260954/tools/bin/../lib/gcc/arm-none-eabi/10.3.1/../../../../arm-none-eabi/lib/thumb/v7-m/nofp\libm.a
LOAD c:/st/stm32cubeide_1.11.2/stm32cubeide/plugins/com.st.stm32cube.ide.mcu.externaltools.gnu-tools-for-stm32.10.3-2021.10.win32_1.0.100.202210260954/tools/bin/../lib/gcc/arm-none-eabi/10.3.1/thumb/v7-m/nofp\libgcc.a

.debug_info     0x0000000000000000     0x47d9
 .debug_info    0x0000000000000000      0x539 ./Src/digital_clock.o
 .debug_info    0x0000000000000539       0x6a ./Src/font8x8.o
 .debug_info    0x00000000000005a3      0x2aa ./Src/gpio.o
 .debug_info    0x000000000000084d      0x778 ./Src/gpio_exti.o
 .debug_info    0x0000000000000fc5      0x938 ./Src/main.o
 .debug_info    0x00000000000018fd      0x8cb ./Src/mode.o
 .debug_info    0x00000000000021c8      0x1d5 ./Src/rcc_config.o
 .debug_info    0x000000000000239d      0x5c7 ./Src/rtc.o
 .debug_info    0x0000000000002964      0x364 ./Src/rtc_app.o
 .debug_info    0x0000000000002cc8      0x4aa ./Src/sharp96.o
 .debug_info    0x0000000000003172      0x2ca ./Src/spi.o
 .debug_info    0x000000000000343c      0x331 ./Src/standby.o
 .debug_info    0x000000000000376d      0x6e0 ./Src/syscalls.o
 .debug_info    0x0000000000003e4d      0x171 ./Src/sysmem.o
 .debug_info    0x0000000000003fbe      0x7f9 ./Src/tim.o
 .debug_info    0x00000000000047b7       0x22 ./Startup/startup_stm32f103c8tx.o

.debug_abbrev   0x0000000000000000     0x1325
 .debug_abbrev  0x0000000000000000      0x128 ./Src/digital_clock.o
 .debug_abbrev  0x0000000000000128       0x64 ./Src/font8x8.o
 .debug_abbrev  0x000000000000018c       0xf5 ./Src/gpio.o
 .debug_abbrev  0x0000000000000281      0x158 ./Src/gpio_exti.o
 .debug_abbrev  0x00000000000003d9      0x1db ./Src/main.o
 .debug_abbrev  0x00000000000005b4      0x201 ./Src/mode.o
 .debug_abbrev  0x00000000000007b5       0x9d ./Src/rcc_config.o
 .debug_abbrev  0x0000000000000852      0x1a7 ./Src/rtc.o
 .debug_abbrev  0x00000000000009f9      0x15e ./Src/rtc_app.o
 .debug_abbrev  0x0000000000000b57      0x18f ./Src/sharp96.o
 .debug_abbrev  0x0000000000000ce6      0x134 ./Src/spi.o
 .debug_abbrev  0x0000000000000e1a       0xb6 ./Src/standby.o
 .debug_abbrev  0x0000000000000ed0      0x1b3 ./Src/syscalls.o
 .debug_abbrev  0x0000000000001083       0xbb ./Src/sysmem.o
 .debug_abbrev  0x000000000000113e      0x1d5 ./Src/tim.o
 .debug_abbrev  0x0000000000001313       0x12 ./Startup/startup_stm32f103c8tx.o

.debug_aranges  0x0000000000000000      0x5d8
 .debug_aranges
                0x0000000000000000       0x88 ./Src/digital_clock.o
 .debug_aranges
                0x0000000000000088       0x18 ./Src/font8x8.o
 .debug_aranges
                0x00000000000000a0       0x38 ./Src/gpio.o
 .debug_aranges
                0x00000000000000d8       0x38 ./Src/gpio_exti.o
 .debug_aranges
                0x0000000000000110       0x68 ./Src/main.o
 .debug_aranges
                0x0000000000000178      0x138 ./Src/mode.o
 .debug_aranges
                0x00000000000002b0       0x20 ./Src/rcc_config.o
 .debug_aranges
                0x00000000000002d0       0x68 ./Src/rtc.o
 .debug_aranges
                0x0000000000000338       0x40 ./Src/rtc_app.o
 .debug_aranges
                0x0000000000000378       0xa0 ./Src/sharp96.o
 .debug_aranges
                0x0000000000000418       0x50 ./Src/spi.o
 .debug_aranges
                0x0000000000000468       0x28 ./Src/standby.o
 .debug_aranges
                0x0000000000000490       0xa8 ./Src/syscalls.o
 .debug_aranges
                0x0000000000000538       0x20 ./Src/sysmem.o
 .debug_aranges
                0x0000000000000558       0x58 ./Src/tim.o
 .debug_aranges
                0x00000000000005b0       0x28 ./Startup/startup_stm32f103c8tx.o

.debug_ranges   0x0000000000000000      0x4d8
 .debug_ranges  0x0000000000000000       0x78 ./Src/digital_clock.o
 .debug_ranges  0x0000000000000078       0x28 ./Src/gpio.o
 .debug_ranges  0x00000000000000a0       0x28 ./Src/gpio_exti.o
 .debug_ranges  0x00000000000000c8       0x58 ./Src/main.o
 .debug_ranges  0x0000000000000120      0x128 ./Src/mode.o
 .debug_ranges  0x0000000000000248       0x10 ./Src/rcc_config.o
 .debug_ranges  0x0000000000000258       0x58 ./Src/rtc.o
 .debug_ranges  0x00000000000002b0       0x30 ./Src/rtc_app.o
 .debug_ranges  0x00000000000002e0       0x90 ./Src/sharp96.o
 .debug_ranges  0x0000000000000370       0x40 ./Src/spi.o
 .debug_ranges  0x00000000000003b0       0x18 ./Src/standby.o
 .debug_ranges  0x00000000000003c8       0x98 ./Src/syscalls.o
 .debug_ranges  0x0000000000000460       0x10 ./Src/sysmem.o
 .debug_ranges  0x0000000000000470       0x48 ./Src/tim.o
 .debug_ranges  0x00000000000004b8       0x20 ./Startup/startup_stm32f103c8tx.o

.debug_macro    0x0000000000000000     0x232f
 .debug_macro   0x0000000000000000       0xd9 ./Src/digital_clock.o
 .debug_macro   0x00000000000000d9       0x5e ./Src/digital_clock.o
 .debug_macro   0x0000000000000137       0x1a ./Src/font8x8.o
 .debug_macro   0x0000000000000151      0x22f ./Src/gpio.o
 .debug_macro   0x0000000000000380       0x52 ./Src/gpio.o
 .debug_macro   0x00000000000003d2       0x16 ./Src/gpio.o
 .debug_macro   0x00000000000003e8       0x97 ./Src/gpio.o
 .debug_macro   0x000000000000047f       0xfd ./Src/gpio.o
 .debug_macro   0x000000000000057c       0x82 ./Src/gpio.o
 .debug_macro   0x00000000000005fe       0xc6 ./Src/gpio_exti.o
 .debug_macro   0x00000000000006c4      0x33b ./Src/main.o
 .debug_macro   0x00000000000009ff       0x58 ./Src/main.o
 .debug_macro   0x0000000000000a57       0x10 ./Src/main.o
 .debug_macro   0x0000000000000a67      0x2da ./Src/mode.o
 .debug_macro   0x0000000000000d41       0xc6 ./Src/rcc_config.o
 .debug_macro   0x0000000000000e07       0xc6 ./Src/rtc.o
 .debug_macro   0x0000000000000ecd       0xd5 ./Src/rtc_app.o
 .debug_macro   0x0000000000000fa2      0x275 ./Src/sharp96.o
 .debug_macro   0x0000000000001217      0x22d ./Src/spi.o
 .debug_macro   0x0000000000001444       0xcc ./Src/standby.o
 .debug_macro   0x0000000000001510      0x24c ./Src/syscalls.o
 .debug_macro   0x000000000000175c      0x174 ./Src/syscalls.o
 .debug_macro   0x00000000000018d0       0x10 ./Src/syscalls.o
 .debug_macro   0x00000000000018e0       0x10 ./Src/syscalls.o
 .debug_macro   0x00000000000018f0       0x10 ./Src/syscalls.o
 .debug_macro   0x0000000000001900       0x35 ./Src/syscalls.o
 .debug_macro   0x0000000000001935      0x12c ./Src/syscalls.o
 .debug_macro   0x0000000000001a61       0x10 ./Src/syscalls.o
 .debug_macro   0x0000000000001a71      0x241 ./Src/syscalls.o
 .debug_macro   0x0000000000001cb2       0x10 ./Src/syscalls.o
 .debug_macro   0x0000000000001cc2      0x189 ./Src/syscalls.o
 .debug_macro   0x0000000000001e4b       0x16 ./Src/syscalls.o
 .debug_macro   0x0000000000001e61       0xce ./Src/syscalls.o
 .debug_macro   0x0000000000001f2f       0xff ./Src/sysmem.o
 .debug_macro   0x000000000000202e      0x23b ./Src/sysmem.o
 .debug_macro   0x0000000000002269       0xc6 ./Src/tim.o

.debug_line     0x0000000000000000     0x71fb
 .debug_line    0x0000000000000000      0x761 ./Src/digital_clock.o
 .debug_line    0x0000000000000761       0x45 ./Src/font8x8.o
 .debug_line    0x00000000000007a6      0x88b ./Src/gpio.o
 .debug_line    0x0000000000001031      0x5f1 ./Src/gpio_exti.o
 .debug_line    0x0000000000001622      0xa68 ./Src/main.o
 .debug_line    0x000000000000208a     0x1338 ./Src/mode.o
 .debug_line    0x00000000000033c2      0x54d ./Src/rcc_config.o
 .debug_line    0x000000000000390f      0x6c6 ./Src/rtc.o
 .debug_line    0x0000000000003fd5      0x6b5 ./Src/rtc_app.o
 .debug_line    0x000000000000468a      0xa46 ./Src/sharp96.o
 .debug_line    0x00000000000050d0      0x80b ./Src/spi.o
 .debug_line    0x00000000000058db      0x541 ./Src/standby.o
 .debug_line    0x0000000000005e1c      0x7f9 ./Src/syscalls.o
 .debug_line    0x0000000000006615      0x4ef ./Src/sysmem.o
 .debug_line    0x0000000000006b04      0x673 ./Src/tim.o
 .debug_line    0x0000000000007177       0x84 ./Startup/startup_stm32f103c8tx.o

.debug_str      0x0000000000000000    0x5a987
 .debug_str     0x0000000000000000    0x54088 ./Src/digital_clock.o
                                      0x542ea (size before relaxing)
 .debug_str     0x0000000000054088       0x4d ./Src/font8x8.o
                                       0x2ce6 (size before relaxing)
 .debug_str     0x00000000000540d5     0x4210 ./Src/gpio.o
                                      0x58387 (size before relaxing)
 .debug_str     0x00000000000582e5      0x3ad ./Src/gpio_exti.o
                                      0x5458f (size before relaxing)
 .debug_str     0x0000000000058692      0x966 ./Src/main.o
                                      0x58e1b (size before relaxing)
 .debug_str     0x0000000000058ff8       0x31 ./Src/mode.o
                                      0x58b43 (size before relaxing)
 .debug_str     0x0000000000059029       0x38 ./Src/rcc_config.o
                                      0x5416b (size before relaxing)
 .debug_str     0x0000000000059061       0x45 ./Src/rtc.o
                                      0x54587 (size before relaxing)
 .debug_str     0x00000000000590a6       0x48 ./Src/rtc_app.o
                                      0x54244 (size before relaxing)
 .debug_str     0x00000000000590ee      0x113 ./Src/sharp96.o
                                      0x58648 (size before relaxing)
 .debug_str     0x0000000000059201       0x5c ./Src/spi.o
                                      0x583cc (size before relaxing)
 .debug_str     0x000000000005925d       0x11 ./Src/standby.o
                                      0x541b5 (size before relaxing)
 .debug_str     0x000000000005926e     0x166c ./Src/syscalls.o
                                       0x8a22 (size before relaxing)
 .debug_str     0x000000000005a8da       0x66 ./Src/sysmem.o
                                       0x5d5e (size before relaxing)
 .debug_str     0x000000000005a940       0x16 ./Src/tim.o
                                      0x545b8 (size before relaxing)
 .debug_str     0x000000000005a956       0x31 ./Startup/startup_stm32f103c8tx.o
                                         0x67 (size before relaxing)

.comment        0x0000000000000000       0x50
 .comment       0x0000000000000000       0x50 ./Src/digital_clock.o
                                         0x51 (size before relaxing)
 .comment       0x0000000000000050       0x51 ./Src/font8x8.o
 .comment       0x0000000000000050       0x51 ./Src/gpio.o
 .comment       0x0000000000000050       0x51 ./Src/gpio_exti.o
 .comment       0x0000000000000050       0x51 ./Src/main.o
 .comment       0x0000000000000050       0x51 ./Src/mode.o
 .comment       0x0000000000000050       0x51 ./Src/rcc_config.o
 .comment       0x0000000000000050       0x51 ./Src/rtc.o
 .comment       0x0000000000000050       0x51 ./Src/rtc_app.o
 .comment       0x0000000000000050       0x51 ./Src/sharp96.o
 .comment       0x0000000000000050       0x51 ./Src/spi.o
 .comment       0x0000000000000050       0x51 ./Src/standby.o
 .comment       0x0000000000000050       0x51 ./Src/syscalls.o
 .comment       0x0000000000000050       0x51 ./Src/sysmem.o
 .comment       0x0000000000000050       0x51 ./Src/tim.o

.debug_frame    0x0000000000000000     0x1ab0
 .debug_frame   0x0000000000000000      0x208 ./Src/digital_clock.o
 .debug_frame   0x0000000000000208       0x9c ./Src/gpio.o
 .debug_frame   0x00000000000002a4       0x98 ./Src/gpio_exti.o
 .debug_frame   0x000000000000033c      0x148 ./Src/main.o
 .debug_frame   0x0000000000000484      0x4d4 ./Src/mode.o
 .debug_frame   0x0000000000000958       0x30 ./Src/rcc_config.o
 .debug_frame   0x0000000000000988      0x150 ./Src/rtc.o
 .debug_frame   0x0000000000000ad8       0xcc ./Src/rtc_app.o
 .debug_frame   0x0000000000000ba4      0x23c ./Src/sharp96.o
 .debug_frame   0x0000000000000de0       0xf0 ./Src/spi.o
 .debug_frame   0x0000000000000ed0       0x50 ./Src/standby.o
 .debug_frame   0x0000000000000f20      0x2ac ./Src/syscalls.o
 .debug_frame   0x00000000000011cc       0x34 ./Src/sysmem.o
 .debug_frame   0x0000000000001200      0x124 ./Src/tim.o
 .debug_frame   0x0000000000001324       0x20 c:/st/stm32cubeide_1.11.2/stm32cubeide/plugins/com.st.stm32cube.ide.mcu.externaltools.gnu-tools-for-stm32.10.3-2021.10.win32_1.0.100.202210260954/tools/bin/../lib/gcc/arm-none-eabi/10.3.1/../../../../arm-none-eabi/lib/thumb/v7-m/nofp\libc_nano.a(lib_a-errno.o)
 .debug_frame   0x0000000000001344       0x2c c:/st/stm32cubeide_1.11.2/stm32cubeide/plugins/com.st.stm32cube.ide.mcu.externaltools.gnu-tools-for-stm32.10.3-2021.10.win32_1.0.100.202210260954/tools/bin/../lib/gcc/arm-none-eabi/10.3.1/../../../../arm-none-eabi/lib/thumb/v7-m/nofp\libc_nano.a(lib_a-init.o)
 .debug_frame   0x0000000000001370       0x38 c:/st/stm32cubeide_1.11.2/stm32cubeide/plugins/com.st.stm32cube.ide.mcu.externaltools.gnu-tools-for-stm32.10.3-2021.10.win32_1.0.100.202210260954/tools/bin/../lib/gcc/arm-none-eabi/10.3.1/../../../../arm-none-eabi/lib/thumb/v7-m/nofp\libc_nano.a(lib_a-itoa.o)
 .debug_frame   0x00000000000013a8       0x20 c:/st/stm32cubeide_1.11.2/stm32cubeide/plugins/com.st.stm32cube.ide.mcu.externaltools.gnu-tools-for-stm32.10.3-2021.10.win32_1.0.100.202210260954/tools/bin/../lib/gcc/arm-none-eabi/10.3.1/../../../../arm-none-eabi/lib/thumb/v7-m/nofp\libc_nano.a(lib_a-memset.o)
 .debug_frame   0x00000000000013c8       0x3c c:/st/stm32cubeide_1.11.2/stm32cubeide/plugins/com.st.stm32cube.ide.mcu.externaltools.gnu-tools-for-stm32.10.3-2021.10.win32_1.0.100.202210260954/tools/bin/../lib/gcc/arm-none-eabi/10.3.1/../../../../arm-none-eabi/lib/thumb/v7-m/nofp\libc_nano.a(lib_a-puts.o)
 .debug_frame   0x0000000000001404       0x28 c:/st/stm32cubeide_1.11.2/stm32cubeide/plugins/com.st.stm32cube.ide.mcu.externaltools.gnu-tools-for-stm32.10.3-2021.10.win32_1.0.100.202210260954/tools/bin/../lib/gcc/arm-none-eabi/10.3.1/../../../../arm-none-eabi/lib/thumb/v7-m/nofp\libc_nano.a(lib_a-strncpy.o)
 .debug_frame   0x000000000000142c       0x48 c:/st/stm32cubeide_1.11.2/stm32cubeide/plugins/com.st.stm32cube.ide.mcu.externaltools.gnu-tools-for-stm32.10.3-2021.10.win32_1.0.100.202210260954/tools/bin/../lib/gcc/arm-none-eabi/10.3.1/../../../../arm-none-eabi/lib/thumb/v7-m/nofp\libc_nano.a(lib_a-utoa.o)
 .debug_frame   0x0000000000001474       0x40 c:/st/stm32cubeide_1.11.2/stm32cubeide/plugins/com.st.stm32cube.ide.mcu.externaltools.gnu-tools-for-stm32.10.3-2021.10.win32_1.0.100.202210260954/tools/bin/../lib/gcc/arm-none-eabi/10.3.1/../../../../arm-none-eabi/lib/thumb/v7-m/nofp\libc_nano.a(lib_a-wbuf.o)
 .debug_frame   0x00000000000014b4       0x2c c:/st/stm32cubeide_1.11.2/stm32cubeide/plugins/com.st.stm32cube.ide.mcu.externaltools.gnu-tools-for-stm32.10.3-2021.10.win32_1.0.100.202210260954/tools/bin/../lib/gcc/arm-none-eabi/10.3.1/../../../../arm-none-eabi/lib/thumb/v7-m/nofp\libc_nano.a(lib_a-wsetup.o)
 .debug_frame   0x00000000000014e0       0x5c c:/st/stm32cubeide_1.11.2/stm32cubeide/plugins/com.st.stm32cube.ide.mcu.externaltools.gnu-tools-for-stm32.10.3-2021.10.win32_1.0.100.202210260954/tools/bin/../lib/gcc/arm-none-eabi/10.3.1/../../../../arm-none-eabi/lib/thumb/v7-m/nofp\libc_nano.a(lib_a-fflush.o)
 .debug_frame   0x000000000000153c      0x14c c:/st/stm32cubeide_1.11.2/stm32cubeide/plugins/com.st.stm32cube.ide.mcu.externaltools.gnu-tools-for-stm32.10.3-2021.10.win32_1.0.100.202210260954/tools/bin/../lib/gcc/arm-none-eabi/10.3.1/../../../../arm-none-eabi/lib/thumb/v7-m/nofp\libc_nano.a(lib_a-findfp.o)
 .debug_frame   0x0000000000001688       0x54 c:/st/stm32cubeide_1.11.2/stm32cubeide/plugins/com.st.stm32cube.ide.mcu.externaltools.gnu-tools-for-stm32.10.3-2021.10.win32_1.0.100.202210260954/tools/bin/../lib/gcc/arm-none-eabi/10.3.1/../../../../arm-none-eabi/lib/thumb/v7-m/nofp\libc_nano.a(lib_a-fwalk.o)
 .debug_frame   0x00000000000016dc       0xb0 c:/st/stm32cubeide_1.11.2/stm32cubeide/plugins/com.st.stm32cube.ide.mcu.externaltools.gnu-tools-for-stm32.10.3-2021.10.win32_1.0.100.202210260954/tools/bin/../lib/gcc/arm-none-eabi/10.3.1/../../../../arm-none-eabi/lib/thumb/v7-m/nofp\libc_nano.a(lib_a-lock.o)
 .debug_frame   0x000000000000178c       0x58 c:/st/stm32cubeide_1.11.2/stm32cubeide/plugins/com.st.stm32cube.ide.mcu.externaltools.gnu-tools-for-stm32.10.3-2021.10.win32_1.0.100.202210260954/tools/bin/../lib/gcc/arm-none-eabi/10.3.1/../../../../arm-none-eabi/lib/thumb/v7-m/nofp\libc_nano.a(lib_a-makebuf.o)
 .debug_frame   0x00000000000017e4       0x38 c:/st/stm32cubeide_1.11.2/stm32cubeide/plugins/com.st.stm32cube.ide.mcu.externaltools.gnu-tools-for-stm32.10.3-2021.10.win32_1.0.100.202210260954/tools/bin/../lib/gcc/arm-none-eabi/10.3.1/../../../../arm-none-eabi/lib/thumb/v7-m/nofp\libc_nano.a(lib_a-nano-freer.o)
 .debug_frame   0x000000000000181c       0x4c c:/st/stm32cubeide_1.11.2/stm32cubeide/plugins/com.st.stm32cube.ide.mcu.externaltools.gnu-tools-for-stm32.10.3-2021.10.win32_1.0.100.202210260954/tools/bin/../lib/gcc/arm-none-eabi/10.3.1/../../../../arm-none-eabi/lib/thumb/v7-m/nofp\libc_nano.a(lib_a-nano-mallocr.o)
 .debug_frame   0x0000000000001868       0x2c c:/st/stm32cubeide_1.11.2/stm32cubeide/plugins/com.st.stm32cube.ide.mcu.externaltools.gnu-tools-for-stm32.10.3-2021.10.win32_1.0.100.202210260954/tools/bin/../lib/gcc/arm-none-eabi/10.3.1/../../../../arm-none-eabi/lib/thumb/v7-m/nofp\libc_nano.a(lib_a-sbrkr.o)
 .debug_frame   0x0000000000001894       0x88 c:/st/stm32cubeide_1.11.2/stm32cubeide/plugins/com.st.stm32cube.ide.mcu.externaltools.gnu-tools-for-stm32.10.3-2021.10.win32_1.0.100.202210260954/tools/bin/../lib/gcc/arm-none-eabi/10.3.1/../../../../arm-none-eabi/lib/thumb/v7-m/nofp\libc_nano.a(lib_a-stdio.o)
 .debug_frame   0x000000000000191c       0x2c c:/st/stm32cubeide_1.11.2/stm32cubeide/plugins/com.st.stm32cube.ide.mcu.externaltools.gnu-tools-for-stm32.10.3-2021.10.win32_1.0.100.202210260954/tools/bin/../lib/gcc/arm-none-eabi/10.3.1/../../../../arm-none-eabi/lib/thumb/v7-m/nofp\libc_nano.a(lib_a-writer.o)
 .debug_frame   0x0000000000001948       0x2c c:/st/stm32cubeide_1.11.2/stm32cubeide/plugins/com.st.stm32cube.ide.mcu.externaltools.gnu-tools-for-stm32.10.3-2021.10.win32_1.0.100.202210260954/tools/bin/../lib/gcc/arm-none-eabi/10.3.1/../../../../arm-none-eabi/lib/thumb/v7-m/nofp\libc_nano.a(lib_a-closer.o)
 .debug_frame   0x0000000000001974       0x2c c:/st/stm32cubeide_1.11.2/stm32cubeide/plugins/com.st.stm32cube.ide.mcu.externaltools.gnu-tools-for-stm32.10.3-2021.10.win32_1.0.100.202210260954/tools/bin/../lib/gcc/arm-none-eabi/10.3.1/../../../../arm-none-eabi/lib/thumb/v7-m/nofp\libc_nano.a(lib_a-fstatr.o)
 .debug_frame   0x00000000000019a0       0x2c c:/st/stm32cubeide_1.11.2/stm32cubeide/plugins/com.st.stm32cube.ide.mcu.externaltools.gnu-tools-for-stm32.10.3-2021.10.win32_1.0.100.202210260954/tools/bin/../lib/gcc/arm-none-eabi/10.3.1/../../../../arm-none-eabi/lib/thumb/v7-m/nofp\libc_nano.a(lib_a-isattyr.o)
 .debug_frame   0x00000000000019cc       0x2c c:/st/stm32cubeide_1.11.2/stm32cubeide/plugins/com.st.stm32cube.ide.mcu.externaltools.gnu-tools-for-stm32.10.3-2021.10.win32_1.0.100.202210260954/tools/bin/../lib/gcc/arm-none-eabi/10.3.1/../../../../arm-none-eabi/lib/thumb/v7-m/nofp\libc_nano.a(lib_a-lseekr.o)
 .debug_frame   0x00000000000019f8       0x30 c:/st/stm32cubeide_1.11.2/stm32cubeide/plugins/com.st.stm32cube.ide.mcu.externaltools.gnu-tools-for-stm32.10.3-2021.10.win32_1.0.100.202210260954/tools/bin/../lib/gcc/arm-none-eabi/10.3.1/../../../../arm-none-eabi/lib/thumb/v7-m/nofp\libc_nano.a(lib_a-mlock.o)
 .debug_frame   0x0000000000001a28       0x2c c:/st/stm32cubeide_1.11.2/stm32cubeide/plugins/com.st.stm32cube.ide.mcu.externaltools.gnu-tools-for-stm32.10.3-2021.10.win32_1.0.100.202210260954/tools/bin/../lib/gcc/arm-none-eabi/10.3.1/../../../../arm-none-eabi/lib/thumb/v7-m/nofp\libc_nano.a(lib_a-readr.o)
 .debug_frame   0x0000000000001a54       0x5c c:/st/stm32cubeide_1.11.2/stm32cubeide/plugins/com.st.stm32cube.ide.mcu.externaltools.gnu-tools-for-stm32.10.3-2021.10.win32_1.0.100.202210260954/tools/bin/../lib/gcc/arm-none-eabi/10.3.1/../../../../arm-none-eabi/lib/thumb/v7-m/nofp\libc_nano.a(lib_a-reent.o)
