../Core/Src/main.c:96:5:__io_putchar	16	static
../Core/Src/main.c:101:6:HAL_GPIO_EXTI_Callback	16	static
../Core/Src/main.c:119:6:HAL_RTC_AlarmAEventCallback	16	static
../Core/Src/main.c:125:6:HAL_TIM_PeriodElapsedCallback	16	static
../Core/Src/main.c:140:5:main	16	static
../Core/Src/main.c:237:6:SystemClock_Config	88	static
../Core/Src/main.c:282:13:MX_RTC_Init	16	static
../Core/Src/main.c:340:13:MX_SPI1_Init	8	static
../Core/Src/main.c:378:13:MX_TIM2_Init	32	static
../Core/Src/main.c:423:13:MX_TIM3_Init	32	static
../Core/Src/main.c:468:13:MX_USART1_UART_Init	8	static
../Core/Src/main.c:501:13:MX_GPIO_Init	40	static
../Core/Src/main.c:558:6:sleep_mode	16	static
../Core/Src/main.c:581:6:Error_Handler	4	static,ignoring_inline_asm
